 mysqlmanager

 Timestamp is 49be4431 (Mon Mar 16 13:21:05 2009)

 Preferred load address is 00400000

 Start         Length     Name                   Class
 0001:00000000 000bc987H .text                   CODE
 0001:000bc990 00001021H .text$yc                CODE
 0001:000bd9b1 00001019H .text$yd                CODE
 0002:00000000 00000104H .CRT$XCA                DATA
 0002:00000104 00000109H .CRT$XCU                DATA
 0002:00000210 00000104H .CRT$XCZ                DATA
 0002:00000314 00000104H .CRT$XIA                DATA
 0002:00000418 00000118H .CRT$XIC                DATA
 0002:00000530 00000104H .CRT$XIY                DATA
 0002:00000634 00000104H .CRT$XIZ                DATA
 0002:00000738 00000004H .CRT$XLA                DATA
 0002:0000073c 00000004H .CRT$XLZ                DATA
 0002:00000740 00000104H .CRT$XPA                DATA
 0002:00000844 00000104H .CRT$XPX                DATA
 0002:00000948 00000104H .CRT$XPXA               DATA
 0002:00000a4c 00000104H .CRT$XPZ                DATA
 0002:00000b50 00000104H .CRT$XTA                DATA
 0002:00000c54 00000104H .CRT$XTZ                DATA
 0002:00000d60 0001ba73H .rdata                  DATA
 0002:0001c7d4 0000011cH .rdata$T                DATA
 0002:0001c8f0 000001abH .rdata$debug            DATA
 0002:0001ca9c 00002de3H .rdata$r                DATA
 0002:0001f880 0000010eH .rdata$sxdata           DATA
 0002:0001f990 00000104H .rtc$IAA                DATA
 0002:0001fa94 00000104H .rtc$IZZ                DATA
 0002:0001fb98 00000104H .rtc$TAA                DATA
 0002:0001fc9c 00000104H .rtc$TZZ                DATA
 0002:0001fda0 00001078H .xdata$x                DATA
 0002:00020e18 00000000H .edata                  DATA
 0003:00000000 0014f67eH .data                   DATA
 0003:0014f680 00004884H .bss                    DATA
 0004:00000000 00000050H .idata$2                DATA
 0004:00000050 00000014H .idata$3                DATA
 0004:00000064 000003f0H .idata$4                DATA
 0004:00000454 000003f0H .idata$5                DATA
 0004:00000844 00000d60H .idata$6                DATA
 0005:00000000 00000101H .tls                    DATA
 0005:00000108 00000186H .tls$                   DATA
 0005:0000028e 00000101H .tls$ZZZ                DATA

  Address         Publics by Value              Rva+Base       Lib:Object

 0000:00000000       __except_list              00000000     <absolute>
 0000:00000003       ___safe_se_handler_count   00000003     <absolute>
 0000:0000002c       __tls_array                0000002c     <absolute>
 0000:00000000       ___ImageBase               00400000     <linker-defined>
 0001:00001280       ?reserve@Buffer@@QAEHII@Z  00402280 f   buffer.obj
 0001:000013a0       ?get_size@Buffer@@QAEHXZ   004023a0 f   buffer.obj
 0001:000013b0       ?is_error@Buffer@@QAEHXZ   004023b0 f   buffer.obj
 0001:000013c0       ?append@Buffer@@QAEHIPBDI@Z 004023c0 f   buffer.obj
 0001:00001410       ?get_instance_map@Manager@@SAPAVInstance_map@@XZ 00402410 f i command.obj
 0001:00001420       ?get_guardian@Manager@@SAPAVGuardian@@XZ 00402420 f i command.obj
 0001:00001430       ??0Command@@QAE@XZ         00402430 f   command.obj
 0001:00001460       ??1Command@@UAE@XZ         00402460 f   command.obj
 0001:00001470       ??_ECommand@@UAEPAXI@Z     00402470 f i command.obj
 0001:00001470       ??_GCommand@@UAEPAXI@Z     00402470 f i command.obj
 0001:000014a0       ?alloc_str@Named_value@@SAPADPBUst_mysql_lex_string@@@Z 004024a0 f i commands.obj
 0001:000014c0       ?free_str@Named_value@@SAXPAPAD@Z 004024c0 f i commands.obj
 0001:000014e0       ??0Named_value@@QAE@XZ     004024e0 f i commands.obj
 0001:00001500       ??0Named_value@@QAE@PAD0@Z 00402500 f i commands.obj
 0001:00001520       ?get_name@Named_value@@QAEPADXZ 00402520 f i commands.obj
 0001:00001530       ?get_value@Named_value@@QAEPADXZ 00402530 f i commands.obj
 0001:00001540       ?free@Named_value@@QAEXXZ  00402540 f i commands.obj
 0001:00001570       ?get_size@Named_value_arr@@QBEHXZ 00402570 f i commands.obj
 0001:00001580       ?get_element@Named_value_arr@@QBE?AVNamed_value@@H@Z 00402580 f i commands.obj
 0001:000015c0       ?add_element@Named_value_arr@@QAE_NPAVNamed_value@@@Z 004025c0 f i commands.obj
 0001:000015e0       ?get_word@@YAXPAPBDPAIW4enum_seek_method@@@Z 004025e0 f i commands.obj
 0001:000016e0       ?get_num_options@Instance_options@@QBEHXZ 004026e0 f i commands.obj
 0001:000016f0       ?get_option@Instance_options@@QBE?AVNamed_value@@H@Z 004026f0 f i commands.obj
 0001:00001730       ?get_str@Instance_name@@QBEPBUst_mysql_lex_string@@XZ 00402730 f i commands.obj
 0001:00001740       ?is_mysqld_compatible@Instance@@QBE_NXZ 00402740 f i commands.obj
 0001:00001750       ?is_configured@Instance@@QBE_NXZ 00402750 f i commands.obj
 0001:00001760       ?get_name@Instance@@QBEPBUst_mysql_lex_string@@XZ 00402760 f i commands.obj
 0001:00001770       ?set_state@Instance@@QAEXW4enum_instance_state@1@@Z 00402770 f i commands.obj
 0001:00001780       ?get_instance_name@Instance_cmd@@IBEPBUst_mysql_lex_string@@XZ 00402780 f i commands.obj
 0001:000017a0       ??0Buffer@@QAE@I@Z         004027a0 f i commands.obj
 0001:000017e0       ??1Buffer@@QAE@XZ          004027e0 f i commands.obj
 0001:000017f0       ??0Iterator@Instance_map@@QAE@PAV1@@Z 004027f0 f i commands.obj
 0001:000018a0       ??0Instance_name@@QAE@PBUst_mysql_lex_string@@@Z 004028a0 f   commands.obj
 0001:000018f0       ?write_header@Show_instances@@AAEHPAUst_net@@@Z 004028f0 f   commands.obj
 0001:00001970       ?write_data@Show_instances@@AAEHPAUst_net@@@Z 00402970 f   commands.obj
 0001:00001ad0       ?execute@Flush_instances@@UAEHPAUst_net@@K@Z 00402ad0 f   commands.obj
 0001:00001b10       ??0Instance_cmd@@QAE@PBUst_mysql_lex_string@@@Z 00402b10 f   commands.obj
 0001:00001b40       ??1Instance_cmd@@UAE@XZ    00402b40 f i commands.obj
 0001:00001b50       ??0Abstract_instance_cmd@@QAE@PBUst_mysql_lex_string@@@Z 00402b50 f   commands.obj
 0001:00001b70       ??1Abstract_instance_cmd@@UAE@XZ 00402b70 f i commands.obj
 0001:00001b80       ?execute@Abstract_instance_cmd@@UAEHPAUst_net@@K@Z 00402b80 f   commands.obj
 0001:00001c20       ??0Show_instance_status@@QAE@PBUst_mysql_lex_string@@@Z 00402c20 f   commands.obj
 0001:00001c40       ??1Show_instance_status@@UAE@XZ 00402c40 f i commands.obj
 0001:00001c50       ?send_ok_response@Show_instance_status@@MAEHPAUst_net@@K@Z 00402c50 f   commands.obj
 0001:00001c90       ?write_header@Show_instance_status@@AAEHPAUst_net@@@Z 00402c90 f   commands.obj
 0001:00001d90       ?write_data@Show_instance_status@@AAEHPAUst_net@@PAVInstance@@@Z 00402d90 f   commands.obj
 0001:00001f90       ??0Show_instance_options@@QAE@PBUst_mysql_lex_string@@@Z 00402f90 f   commands.obj
 0001:00001fb0       ??1Show_instance_options@@UAE@XZ 00402fb0 f i commands.obj
 0001:00001fc0       ?send_ok_response@Show_instance_options@@MAEHPAUst_net@@K@Z 00402fc0 f   commands.obj
 0001:00002000       ?write_header@Show_instance_options@@AAEHPAUst_net@@@Z 00403000 f   commands.obj
 0001:00002080       ?write_data@Show_instance_options@@AAEHPAUst_net@@PAVInstance@@@Z 00403080 f   commands.obj
 0001:00002260       ??0Start_instance@@QAE@PBUst_mysql_lex_string@@@Z 00403260 f   commands.obj
 0001:00002280       ??1Start_instance@@UAE@XZ  00403280 f i commands.obj
 0001:00002290       ?execute_impl@Start_instance@@MAEHPAUst_net@@PAVInstance@@@Z 00403290 f   commands.obj
 0001:00002300       ?send_ok_response@Start_instance@@MAEHPAUst_net@@K@Z 00403300 f   commands.obj
 0001:00002330       ??0Stop_instance@@QAE@PBUst_mysql_lex_string@@@Z 00403330 f   commands.obj
 0001:00002350       ??1Stop_instance@@UAE@XZ   00403350 f i commands.obj
 0001:00002360       ?execute_impl@Stop_instance@@MAEHPAUst_net@@PAVInstance@@@Z 00403360 f   commands.obj
 0001:000023b0       ?send_ok_response@Stop_instance@@MAEHPAUst_net@@K@Z 004033b0 f   commands.obj
 0001:000023e0       ??0Create_instance@@QAE@PBUst_mysql_lex_string@@@Z 004033e0 f   commands.obj
 0001:00002410       ??1Create_instance@@UAE@XZ 00403410 f i commands.obj
 0001:00002430       ?parse_args@Create_instance@@AAE_NPAPBD@Z 00403430 f   commands.obj
 0001:00002660       ?execute@Create_instance@@MAEHPAUst_net@@K@Z 00403660 f   commands.obj
 0001:00002770       ??0Drop_instance@@QAE@PBUst_mysql_lex_string@@@Z 00403770 f   commands.obj
 0001:00002790       ??1Drop_instance@@UAE@XZ   00403790 f i commands.obj
 0001:000027a0       ?execute@Drop_instance@@MAEHPAUst_net@@K@Z 004037a0 f   commands.obj
 0001:000028d0       ??0Show_instance_log@@QAE@PBUst_mysql_lex_string@@W4Log_type@@II@Z 004038d0 f   commands.obj
 0001:00002920       ??1Show_instance_log@@UAE@XZ 00403920 f i commands.obj
 0001:00002930       ?send_ok_response@Show_instance_log@@MAEHPAUst_net@@K@Z 00403930 f   commands.obj
 0001:00002970       ?check_params@Show_instance_log@@AAEHPAVInstance@@@Z 00403970 f   commands.obj
 0001:000029d0       ?write_header@Show_instance_log@@AAEHPAUst_net@@@Z 004039d0 f   commands.obj
 0001:00002a30       ?write_data@Show_instance_log@@AAEHPAUst_net@@PAVInstance@@@Z 00403a30 f   commands.obj
 0001:00002c70       ??0Show_instance_log_files@@QAE@PBUst_mysql_lex_string@@@Z 00403c70 f   commands.obj
 0001:00002c90       ??1Show_instance_log_files@@UAE@XZ 00403c90 f i commands.obj
 0001:00002ca0       ?send_ok_response@Show_instance_log_files@@MAEHPAUst_net@@K@Z 00403ca0 f   commands.obj
 0001:00002ce0       ?write_header@Show_instance_log_files@@AAEHPAUst_net@@@Z 00403ce0 f   commands.obj
 0001:00002d80       ?write_data@Show_instance_log_files@@AAEHPAUst_net@@PAVInstance@@@Z 00403d80 f   commands.obj
 0001:00002f90       ?get_instance_name@Instance_options_list@@QBEPBUst_mysql_lex_string@@XZ 00403f90 f i commands.obj
 0001:00002fa0       ??0Instance_options_list@@QAE@PBUst_mysql_lex_string@@@Z 00403fa0 f   commands.obj
 0001:00002fd0       ?init@Instance_options_list@@QAE_NXZ 00403fd0 f   commands.obj
 0001:00003000       ??1Instance_options_list@@QAE@XZ 00404000 f i commands.obj
 0001:00003010       ??0Abstract_option_cmd@@IAE@XZ 00404010 f   commands.obj
 0001:00003030       ??1Abstract_option_cmd@@UAE@XZ 00404030 f   commands.obj
 0001:00003060       ?correct_file@Abstract_option_cmd@@IAEHPAVInstance@@PAVNamed_value@@_N@Z 00404060 f   commands.obj
 0001:000030d0       ?execute_impl@Abstract_option_cmd@@AAEHPAUst_net@@K@Z 004040d0 f   commands.obj
 0001:00003260       ?process_option@Set_option@@MAEHPAVInstance@@PAVNamed_value@@@Z 00404260 f   commands.obj
 0001:000032f0       ?process_option@Unset_option@@MAEHPAVInstance@@PAVNamed_value@@@Z 004042f0 f   commands.obj
 0001:00003330       ?execute@Syntax_error@@UAEHPAUst_net@@K@Z 00404330 f   commands.obj
 0001:00003340       ?execute@Show_instances@@UAEHPAUst_net@@K@Z 00404340 f   commands.obj
 0001:000033a0       ??_GInstance_cmd@@UAEPAXI@Z 004043a0 f i commands.obj
 0001:000033a0       ??_EInstance_cmd@@UAEPAXI@Z 004043a0 f i commands.obj
 0001:000033d0       ??_EAbstract_instance_cmd@@UAEPAXI@Z 004043d0 f i commands.obj
 0001:000033d0       ??_GAbstract_instance_cmd@@UAEPAXI@Z 004043d0 f i commands.obj
 0001:00003400       ??_GShow_instance_status@@UAEPAXI@Z 00404400 f i commands.obj
 0001:00003400       ??_EShow_instance_status@@UAEPAXI@Z 00404400 f i commands.obj
 0001:00003430       ?execute_impl@Show_instance_status@@MAEHPAUst_net@@PAVInstance@@@Z 00404430 f   commands.obj
 0001:00003470       ??_GShow_instance_options@@UAEPAXI@Z 00404470 f i commands.obj
 0001:00003470       ??_EShow_instance_options@@UAEPAXI@Z 00404470 f i commands.obj
 0001:000034a0       ?execute_impl@Show_instance_options@@MAEHPAUst_net@@PAVInstance@@@Z 004044a0 f   commands.obj
 0001:000034e0       ??_GStart_instance@@UAEPAXI@Z 004044e0 f i commands.obj
 0001:000034e0       ??_EStart_instance@@UAEPAXI@Z 004044e0 f i commands.obj
 0001:00003510       ??_GStop_instance@@UAEPAXI@Z 00404510 f i commands.obj
 0001:00003510       ??_EStop_instance@@UAEPAXI@Z 00404510 f i commands.obj
 0001:00003540       ??_ECreate_instance@@UAEPAXI@Z 00404540 f i commands.obj
 0001:00003540       ??_GCreate_instance@@UAEPAXI@Z 00404540 f i commands.obj
 0001:00003580       ?init@Create_instance@@QAE_NPAPBD@Z 00404580 f   commands.obj
 0001:000035c0       ??_EDrop_instance@@UAEPAXI@Z 004045c0 f i commands.obj
 0001:000035c0       ??_GDrop_instance@@UAEPAXI@Z 004045c0 f i commands.obj
 0001:000035f0       ??_GShow_instance_log@@UAEPAXI@Z 004045f0 f i commands.obj
 0001:000035f0       ??_EShow_instance_log@@UAEPAXI@Z 004045f0 f i commands.obj
 0001:00003620       ?execute_impl@Show_instance_log@@MAEHPAUst_net@@PAVInstance@@@Z 00404620 f   commands.obj
 0001:00003670       ??_EShow_instance_log_files@@UAEPAXI@Z 00404670 f i commands.obj
 0001:00003670       ??_GShow_instance_log_files@@UAEPAXI@Z 00404670 f i commands.obj
 0001:000036a0       ?execute_impl@Show_instance_log_files@@MAEHPAUst_net@@PAVInstance@@@Z 004046a0 f   commands.obj
 0001:000036e0       ??_GInstance_options_list@@QAEPAXI@Z 004046e0 f i commands.obj
 0001:00003710       ??_EAbstract_option_cmd@@UAEPAXI@Z 00404710 f i commands.obj
 0001:00003710       ??_GAbstract_option_cmd@@UAEPAXI@Z 00404710 f i commands.obj
 0001:00003740       ?execute@Abstract_option_cmd@@UAEHPAUst_net@@K@Z 00404740 f   commands.obj
 0001:00003780       ?get_instance_options_list@Abstract_option_cmd@@AAEPAVInstance_options_list@@PBUst_mysql_lex_string@@@Z 00404780 f   commands.obj
 0001:00003850       ?add_option@Abstract_option_cmd@@QAE_NPBUst_mysql_lex_string@@PAVNamed_value@@@Z 00404850 f   commands.obj
 0001:00003890       ?init@Abstract_option_cmd@@QAE_NPAPBD@Z 00404890 f   commands.obj
 0001:000038f0       ?parse_args@Set_option@@MAE_NPAPBD@Z 004048f0 f   commands.obj
 0001:00003be0       ?parse_args@Unset_option@@MAE_NPAPBD@Z 00404be0 f   commands.obj
 0001:00003e00       ??0Thread_info@@QAE@XZ     00404e00 f i guardian.obj
 0001:00003e10       ??0Thread@@QAE@XZ          00404e10 f i guardian.obj
 0001:00003e20       ??_GThread@@MAEPAXI@Z      00404e20 f i guardian.obj
 0001:00003e20       ??_EThread@@MAEPAXI@Z      00404e20 f i guardian.obj
 0001:00003e50       ?is_guarded@Instance@@QBE_NXZ 00404e50 f i guardian.obj
 0001:00003e60       ?get_state@Instance@@QBE?AW4enum_instance_state@1@XZ 00404e60 f i guardian.obj
 0001:00003e70       ?is_crashed@Instance@@QAE_NXZ 00404e70 f i guardian.obj
 0001:00003e80       ??0Guardian@@QAE@PAVThread_registry@@PAVInstance_map@@@Z 00404e80 f   guardian.obj
 0001:00003ed0       ?process_instance@Guardian@@AAEXPAVInstance@@@Z 00404ed0 f   guardian.obj
 0001:00004210       ?ping@Guardian@@QAEXXZ     00405210 f   guardian.obj
 0001:00004220       ?init@Guardian@@QAEXXZ     00405220 f   guardian.obj
 0001:00004290       ?stop_instances@Guardian@@AAEXXZ 00405290 f   guardian.obj
 0001:000043b0       ?lock@Guardian@@QAEXXZ     004053b0 f   guardian.obj
 0001:000043c0       ?unlock@Guardian@@QAEXXZ   004053c0 f   guardian.obj
 0001:000043d0       ??1Guardian@@UAE@XZ        004053d0 f   guardian.obj
 0001:00004410       ?request_shutdown@Guardian@@QAEXXZ 00405410 f   guardian.obj
 0001:00004440       ?run@Guardian@@MAEXXZ      00405440 f   guardian.obj
 0001:000045e0       ?is_stopped@Guardian@@QAE_NXZ 004055e0 f   guardian.obj
 0001:00004610       ??_EGuardian@@UAEPAXI@Z    00405610 f i guardian.obj
 0001:00004610       ??_GGuardian@@UAEPAXI@Z    00405610 f i guardian.obj
 0001:00004650       ?get_thread_registry@Manager@@SAPAVThread_registry@@XZ 00405650 f i instance.obj
 0001:00004890       ?SafeTerminateProcess@@YAHPAXI@Z 00405890 f   instance.obj
 0001:000049d0       ?kill@@YAHHH@Z             004059d0 f   instance.obj
 0001:00004a10       ??0Instance_monitor@@QAE@PAVInstance@@@Z 00405a10 f i instance.obj
 0001:00004a30       ??1Instance_monitor@@UAE@XZ 00405a30 f i instance.obj
 0001:00004a40       ?is_name_valid@Instance@@SA_NPBUst_mysql_lex_string@@@Z 00405a40 f   instance.obj
 0001:00004aa0       ?is_mysqld_compatible_name@Instance@@SA_NPBUst_mysql_lex_string@@@Z 00405aa0 f   instance.obj
 0001:00004ad0       ?get_instance_state_name@Instance@@CAPBDW4enum_instance_state@1@@Z 00405ad0 f   instance.obj
 0001:00004b50       ??0Instance@@QAE@XZ        00405b50 f   instance.obj
 0001:00004bc0       ??1Instance@@QAE@XZ        00405bc0 f   instance.obj
 0001:00004c00       ?init@Instance@@QAE_NPBUst_mysql_lex_string@@@Z 00405c00 f   instance.obj
 0001:00004c30       ?complete_initialization@Instance@@QAE_NXZ 00405c30 f   instance.obj
 0001:00004c60       ?is_mysqld_running@Instance@@QAE_NXZ 00405c60 f   instance.obj
 0001:00004d60       ?kill_mysqld@Instance@@QAE_NH@Z 00405d60 f   instance.obj
 0001:00004e20       ?lock@Instance@@QAEXXZ     00405e20 f   instance.obj
 0001:00004e40       ?unlock@Instance@@QAEXXZ   00405e40 f   instance.obj
 0001:00004e60       ?reset_stat@Instance@@QAEXXZ 00405e60 f   instance.obj
 0001:00004e90       ?remove_pid@Instance@@AAEXXZ 00405e90 f   instance.obj
 0001:00004ed0       ?wait_for_stop@Instance@@AAE_NXZ 00405ed0 f   instance.obj
 0001:00004f80       ??_GInstance_monitor@@UAEPAXI@Z 00405f80 f i instance.obj
 0001:00004f80       ??_EInstance_monitor@@UAEPAXI@Z 00405f80 f i instance.obj
 0001:00004fb0       ?start_and_monitor_instance@Instance_monitor@@IAEXXZ 00405fb0 f   instance.obj
 0001:00005120       ?is_active@Instance@@QAE_NXZ 00406120 f   instance.obj
 0001:00005150       ?start_mysqld@Instance@@QAE_NXZ 00406150 f   instance.obj
 0001:000051f0       ?stop_mysqld@Instance@@QAE_NXZ 004061f0 f   instance.obj
 0001:000052e0       ?get_state_name@Instance@@QAEPBDXZ 004062e0 f   instance.obj
 0001:00005330       ?run@Instance_monitor@@MAEXXZ 00406330 f   instance.obj
 0001:00005370       ??_GInstance@@QAEPAXI@Z    00406370 f i instance_map.obj
 0001:00005400       ??0Instance_map@@QAE@XZ    00406400 f   instance_map.obj
 0001:00005420       ?lock@Instance_map@@QAEXXZ 00406420 f   instance_map.obj
 0001:00005430       ?unlock@Instance_map@@QAEXXZ 00406430 f   instance_map.obj
 0001:00005440       ?add_instance@Instance_map@@QAEHPAVInstance@@@Z 00406440 f   instance_map.obj
 0001:00005460       ?remove_instance@Instance_map@@QAEHPAVInstance@@@Z 00406460 f   instance_map.obj
 0001:00005480       ?create_instance@Instance_map@@QAEHPBUst_mysql_lex_string@@PBVNamed_value_arr@@@Z 00406480 f   instance_map.obj
 0001:00005660       ?find@Instance_map@@QAEPAVInstance@@PBUst_mysql_lex_string@@@Z 00406660 f   instance_map.obj
 0001:00005680       ?go_to_first@Iterator@Instance_map@@QAEXXZ 00406680 f   instance_map.obj
 0001:00005690       ?next@Iterator@Instance_map@@QAEPAVInstance@@XZ 00406690 f   instance_map.obj
 0001:000056c0       ?create_instance_in_file@@YAHPBUst_mysql_lex_string@@PBVNamed_value_arr@@@Z 004066c0 f   instance_map.obj
 0001:000059c0       ?process_one_option@Instance_map@@QAEHPBUst_mysql_lex_string@@PBD@Z 004069c0 f   instance_map.obj
 0001:00005b80       ?init@Instance_map@@QAE_NXZ 00406b80 f   instance_map.obj
 0001:00005bc0       ?reset@Instance_map@@QAE_NXZ 00406bc0 f   instance_map.obj
 0001:00005be0       ??1Instance_map@@QAE@XZ    00406be0 f   instance_map.obj
 0001:00005c80       ?is_there_active_instance@Instance_map@@QAE_NXZ 00406c80 f   instance_map.obj
 0001:00005cf0       ?complete_initialization@Instance_map@@AAE_NXZ 00406cf0 f   instance_map.obj
 0001:00005e30       ?load@Instance_map@@QAEHXZ 00406e30 f   instance_map.obj
 0001:00005f40       ?strstr@@YAPADPADPBD@Z     00406f40 f i instance_options.obj
 0001:00005f50       ?alloc_str@Named_value@@SAPADPBD@Z 00406f50 f i instance_options.obj
 0001:00005f70       ?remove_element@Named_value_arr@@QAEXH@Z 00406f70 f i instance_options.obj
 0001:00005fe0       ?replace_element@Named_value_arr@@QAE_NHPAVNamed_value@@@Z 00406fe0 f i instance_options.obj
 0001:00006140       ?is_option_im_specific@Instance_options@@SA_NPBD@Z 00407140 f   instance_options.obj
 0001:000061b0       ??0Instance_options@@QAE@XZ 004071b0 f   instance_options.obj
 0001:00006250       ?get_default_option@Instance_options@@AAEHPADIPBD@Z 00407250 f   instance_options.obj
 0001:00006330       ?fill_instance_version@Instance_options@@AAE_NXZ 00407330 f   instance_options.obj
 0001:000064d0       ?fill_mysqld_real_path@Instance_options@@AAE_NXZ 004074d0 f   instance_options.obj
 0001:00006680       ?fill_log_options@Instance_options@@AAE_NXZ 00407680 f   instance_options.obj
 0001:00006a70       ?get_pid_filename@Instance_options@@QAEHPAD@Z 00407a70 f   instance_options.obj
 0001:00006b30       ?unlink_pidfile@Instance_options@@QAEHXZ 00407b30 f   instance_options.obj
 0001:00006b40       ?load_pid@Instance_options@@QAEHXZ 00407b40 f   instance_options.obj
 0001:00006bb0       ?update_var@Instance_options@@AAEXPBD0@Z 00407bb0 f   instance_options.obj
 0001:00006d10       ?find_option@Instance_options@@AAEHPBD@Z 00407d10 f   instance_options.obj
 0001:00006dd0       ?add_to_argv@Instance_options@@AAEHPBD@Z 00407dd0 f   instance_options.obj
 0001:00006e00       ?print_argv@Instance_options@@QAEXXZ 00407e00 f   instance_options.obj
 0001:00006e60       ?init@Instance_options@@QAE_NPBUst_mysql_lex_string@@@Z 00407e60 f   instance_options.obj
 0001:00006ee0       ??1Instance_options@@QAE@XZ 00407ee0 f   instance_options.obj
 0001:00006f10       ?get_shutdown_delay@Instance_options@@QBEIXZ 00407f10 f   instance_options.obj
 0001:00006f30       ?get_mysqld_port@Instance_options@@QBEHXZ 00407f30 f   instance_options.obj
 0001:00006f50       ?set_option@Instance_options@@QAE_NPAVNamed_value@@@Z 00407f50 f   instance_options.obj
 0001:00007060       ?unset_option@Instance_options@@QAEXPBD@Z 00408060 f   instance_options.obj
 0001:000070a0       ?complete_initialization@Instance_options@@QAE_NXZ 004080a0 f   instance_options.obj
 0001:00007470       ?is_shutdown@Thread_registry@@QAE_NXZ 00408470 f i listener.obj
 0001:000074e0       ??0Listener@@QAE@PAVThread_registry@@PAVUser_map@@@Z 004084e0 f   listener.obj
 0001:00007510       ??1Listener@@UAE@XZ        00408510 f i listener.obj
 0001:00007520       ?create_tcp_socket@Listener@@AAEHXZ 00408520 f   listener.obj
 0001:00007710       ?handle_new_mysql_connection@Listener@@AAEXPAUst_vio@@@Z 00408710 f   listener.obj
 0001:000077a0       ??_GListener@@UAEPAXI@Z    004087a0 f i listener.obj
 0001:000077a0       ??_EListener@@UAEPAXI@Z    004087a0 f i listener.obj
 0001:000077d0       ?run@Listener@@MAEXXZ      004087d0 f   listener.obj
 0001:00007c80       ?log_init@@YAXXZ           00408c80 f   log.obj
 0001:00007ca0       ?log_error@@YAXPBDZZ       00408ca0 f   log.obj
 0001:00007d10       ?log_info@@YAXPBDZZ        00408d10 f   log.obj
 0001:00007d40       ?die@@YAXPBDZZ             00408d40 f   log.obj
 0001:00007db0       ?onsignal@@YAXH@Z          00408db0 f   manager.obj
 0001:00007dc0       ?set_signals@@YAXPAH@Z     00408dc0 f   manager.obj
 0001:00007df0       ?my_sigwait@@YAHPBHPAH@Z   00408df0 f   manager.obj
 0001:00007e20       ??0ThreadModelChecker@?A0xcef7df30@@QAE@XZ 00408e20 f i manager.obj
 0001:00007e40       ?is_linux_threads@ThreadModelChecker@?A0xcef7df30@@QBE_NXZ 00408e40 f i manager.obj
 0001:00007e50       ?run@ThreadModelChecker@?A0xcef7df30@@MAEXXZ 00408e50 f i manager.obj
 0001:00007e70       ??1ThreadModelChecker@?A0xcef7df30@@UAE@XZ 00408e70 f i manager.obj
 0001:00007e80       ?check_if_linux_threads@?A0xcef7df30@@YA_NPA_N@Z 00408e80 f   manager.obj
 0001:00007ef0       ?stop_all_threads@Manager@@CAXXZ 00408ef0 f   manager.obj
 0001:00007f20       ?init_user_map@Manager@@CA_NPAVUser_map@@@Z 00408f20 f   manager.obj
 0001:00007fb0       ?flush_instances@Manager@@SAHXZ 00408fb0 f   manager.obj
 0001:00008050       ??_GThreadModelChecker@?A0xcef7df30@@UAEPAXI@Z 00409050 f i manager.obj
 0001:00008050       ??_EThreadModelChecker@?A0xcef7df30@@UAEPAXI@Z 00409050 f i manager.obj
 0001:00008080       ?main@Manager@@SAHXZ       00409080 f   manager.obj
 0001:00008550       ?message@@YAPBDI@Z         00409550 f   messages.obj
 0001:00008560       ?errno_to_sqlstate@@YAPBDI@Z 00409560 f   messages.obj
 0001:00008580       ??0Mysql_connection@@QAE@PAVThread_registry@@PAVUser_map@@PAUst_vio@@K@Z 00409580 f   mysql_connection.obj
 0001:000085b0       _my_net_local_init         004095b0 f   mysql_connection.obj
 0001:00008600       ?init@Mysql_connection@@AAE_NXZ 00409600 f   mysql_connection.obj
 0001:000086b0       ?cleanup@Mysql_connection@@AAEXXZ 004096b0 f   mysql_connection.obj
 0001:000086e0       ??1Mysql_connection@@UAE@XZ 004096e0 f   mysql_connection.obj
 0001:00008710       ?check_connection@Mysql_connection@@AAEHXZ 00409710 f   mysql_connection.obj
 0001:000089a0       ?dispatch_command@Mysql_connection@@AAEHW4enum_server_command@@PBD@Z 004099a0 f   mysql_connection.obj
 0001:00008b30       ??_GMysql_connection@@UAEPAXI@Z 00409b30 f i mysql_connection.obj
 0001:00008b30       ??_EMysql_connection@@UAEPAXI@Z 00409b30 f i mysql_connection.obj
 0001:00008b60       ?do_command@Mysql_connection@@AAEHXZ 00409b60 f   mysql_connection.obj
 0001:00008c50       ?main@Mysql_connection@@AAEXXZ 00409c50 f   mysql_connection.obj
 0001:00008d10       ?run@Mysql_connection@@MAEXXZ 00409d10 f   mysql_connection.obj
 0001:00008db0       _main                      00409db0 f   mysqlmanager.obj
 0001:00008e40       ?strchr@@YAPADPADH@Z       00409e40 f i options.obj
 0001:00008e50       ?strrchr@@YAPADPADH@Z      00409e50 f i options.obj
 0001:00008e60       ??0User_management_cmd@@QAE@XZ 00409e60 f i options.obj
 0001:00008e70       ??1User_management_cmd@@UAE@XZ 00409e70 f i options.obj
 0001:00008e80       ??_EUser_management_cmd@@UAEPAXI@Z 00409e80 f i options.obj
 0001:00008e80       ??_GUser_management_cmd@@UAEPAXI@Z 00409e80 f i options.obj
 0001:00008eb0       ??0Print_password_line_cmd@@QAE@XZ 00409eb0 f i options.obj
 0001:00008ec0       ??1Print_password_line_cmd@@UAE@XZ 00409ec0 f i options.obj
 0001:00008ed0       ??0Add_user_cmd@@QAE@XZ    00409ed0 f i options.obj
 0001:00008ee0       ??1Add_user_cmd@@UAE@XZ    00409ee0 f i options.obj
 0001:00008ef0       ??0Drop_user_cmd@@QAE@XZ   00409ef0 f i options.obj
 0001:00008f00       ??1Drop_user_cmd@@UAE@XZ   00409f00 f i options.obj
 0001:00008f10       ??0Edit_user_cmd@@QAE@XZ   00409f10 f i options.obj
 0001:00008f20       ??1Edit_user_cmd@@UAE@XZ   00409f20 f i options.obj
 0001:00008f30       ??0Clean_db_cmd@@QAE@XZ    00409f30 f i options.obj
 0001:00008f40       ??1Clean_db_cmd@@UAE@XZ    00409f40 f i options.obj
 0001:00008f50       ??0Check_db_cmd@@QAE@XZ    00409f50 f i options.obj
 0001:00008f60       ??1Check_db_cmd@@UAE@XZ    00409f60 f i options.obj
 0001:00008f70       ??0List_users_cmd@@QAE@XZ  00409f70 f i options.obj
 0001:00008f80       ??1List_users_cmd@@UAE@XZ  00409f80 f i options.obj
 0001:00009310       ?cleanup@Options@@SAXXZ    0040a310 f   options.obj
 0001:000094e0       ??_GPrint_password_line_cmd@@UAEPAXI@Z 0040a4e0 f i options.obj
 0001:000094e0       ??_EPrint_password_line_cmd@@UAEPAXI@Z 0040a4e0 f i options.obj
 0001:00009510       ??_GAdd_user_cmd@@UAEPAXI@Z 0040a510 f i options.obj
 0001:00009510       ??_EAdd_user_cmd@@UAEPAXI@Z 0040a510 f i options.obj
 0001:00009540       ??_EDrop_user_cmd@@UAEPAXI@Z 0040a540 f i options.obj
 0001:00009540       ??_GDrop_user_cmd@@UAEPAXI@Z 0040a540 f i options.obj
 0001:00009570       ??_GEdit_user_cmd@@UAEPAXI@Z 0040a570 f i options.obj
 0001:00009570       ??_EEdit_user_cmd@@UAEPAXI@Z 0040a570 f i options.obj
 0001:000095a0       ??_EClean_db_cmd@@UAEPAXI@Z 0040a5a0 f i options.obj
 0001:000095a0       ??_GClean_db_cmd@@UAEPAXI@Z 0040a5a0 f i options.obj
 0001:000095d0       ??_ECheck_db_cmd@@UAEPAXI@Z 0040a5d0 f i options.obj
 0001:000095d0       ??_GCheck_db_cmd@@UAEPAXI@Z 0040a5d0 f i options.obj
 0001:00009600       ??_GList_users_cmd@@UAEPAXI@Z 0040a600 f i options.obj
 0001:00009600       ??_EList_users_cmd@@UAEPAXI@Z 0040a600 f i options.obj
 0001:00009630       ?load@Options@@SAHHPAPAD@Z 0040a630 f   options.obj
 0001:000097a0       ??0Show_instances@@QAE@XZ  0040a7a0 f i parse.obj
 0001:000097c0       ??1Show_instances@@UAE@XZ  0040a7c0 f i parse.obj
 0001:000097d0       ??0Flush_instances@@QAE@XZ 0040a7d0 f i parse.obj
 0001:000097f0       ??1Flush_instances@@UAE@XZ 0040a7f0 f i parse.obj
 0001:00009800       ??0Set_option@@QAE@XZ      0040a800 f i parse.obj
 0001:00009820       ??1Set_option@@UAE@XZ      0040a820 f i parse.obj
 0001:00009830       ??0Unset_option@@QAE@XZ    0040a830 f i parse.obj
 0001:00009850       ??1Unset_option@@UAE@XZ    0040a850 f i parse.obj
 0001:00009860       ??0Syntax_error@@QAE@XZ    0040a860 f i parse.obj
 0001:00009880       ??1Syntax_error@@UAE@XZ    0040a880 f i parse.obj
 0001:00009890       ??0Named_value_arr@@QAE@XZ 0040a890 f   parse.obj
 0001:000098a0       ?init@Named_value_arr@@QAE_NXZ 0040a8a0 f   parse.obj
 0001:000098d0       ??1Named_value_arr@@QAE@XZ 0040a8d0 f   parse.obj
 0001:00009960       ?find_token@@YA?AW4Token@@PBDI@Z 0040a960 f i parse.obj
 0001:000099c0       ?get_token@@YA?AW4Token@@PAPBDPAI@Z 0040a9c0 f   parse.obj
 0001:00009a00       ?shift_token@@YA?AW4Token@@PAPBDPAI@Z 0040aa00 f   parse.obj
 0001:00009a30       ?get_text_id@@YAHPAPBDPAUst_mysql_lex_string@@@Z 0040aa30 f   parse.obj
 0001:00009ab0       ?parse_option_value@@YA_NPBDPAIPAPAD@Z 0040aab0 f   parse.obj
 0001:00009c50       ?skip_spaces@@YAXPAPBD@Z   0040ac50 f   parse.obj
 0001:00009c90       ?parse_command@@YAPAVCommand@@PBD@Z 0040ac90 f   parse.obj
 0001:0000a3e0       ??_EShow_instances@@UAEPAXI@Z 0040b3e0 f i parse.obj
 0001:0000a3e0       ??_GShow_instances@@UAEPAXI@Z 0040b3e0 f i parse.obj
 0001:0000a410       ??_GFlush_instances@@UAEPAXI@Z 0040b410 f i parse.obj
 0001:0000a410       ??_EFlush_instances@@UAEPAXI@Z 0040b410 f i parse.obj
 0001:0000a440       ??_GSet_option@@UAEPAXI@Z  0040b440 f i parse.obj
 0001:0000a440       ??_ESet_option@@UAEPAXI@Z  0040b440 f i parse.obj
 0001:0000a470       ??_EUnset_option@@UAEPAXI@Z 0040b470 f i parse.obj
 0001:0000a470       ??_GUnset_option@@UAEPAXI@Z 0040b470 f i parse.obj
 0001:0000a4a0       ??_ESyntax_error@@UAEPAXI@Z 0040b4a0 f i parse.obj
 0001:0000a4a0       ??_GSyntax_error@@UAEPAXI@Z 0040b4a0 f i parse.obj
 0001:0000a4d0       ?trim_space@?A0x7a65e533@@YAXPAPBDPAI@Z 0040b4d0 f   parse_output.obj
 0001:0000a550       ??0Mysqld_output_parser@?A0x7a65e533@@QAE@XZ 0040b550 f i parse_output.obj
 0001:0000a560       ??1Mysqld_output_parser@?A0x7a65e533@@UAE@XZ 0040b560 f i parse_output.obj
 0001:0000a570       ??_GMysqld_output_parser@?A0x7a65e533@@UAEPAXI@Z 0040b570 f i parse_output.obj
 0001:0000a570       ??_EMysqld_output_parser@?A0x7a65e533@@UAEPAXI@Z 0040b570 f i parse_output.obj
 0001:0000a5a0       ?parse@Mysqld_output_parser@?A0x7a65e533@@QAE_NPBD0IPADIW4enum_option_type@@@Z 0040b5a0 f   parse_output.obj
 0001:0000a700       ??0Mysqld_output_parser_win@?A0x7a65e533@@QAE@XZ 0040b700 f i parse_output.obj
 0001:0000a720       ??1Mysqld_output_parser_win@?A0x7a65e533@@UAE@XZ 0040b720 f i parse_output.obj
 0001:0000a730       ?run_command@Mysqld_output_parser_win@?A0x7a65e533@@MAE_NPBD@Z 0040b730 f   parse_output.obj
 0001:0000a830       ?read_line@Mysqld_output_parser_win@?A0x7a65e533@@MAE_NPADI@Z 0040b830 f   parse_output.obj
 0001:0000a8e0       ?cleanup@Mysqld_output_parser_win@?A0x7a65e533@@MAE_NXZ 0040b8e0 f   parse_output.obj
 0001:0000a910       ?parse_output_and_get_value@@YA_NPBD0IPADIW4enum_option_type@@@Z 0040b910 f   parse_output.obj
 0001:0000a970       ??_EMysqld_output_parser_win@?A0x7a65e533@@UAEPAXI@Z 0040b970 f i parse_output.obj
 0001:0000a970       ??_GMysqld_output_parser_win@?A0x7a65e533@@UAEPAXI@Z 0040b970 f i parse_output.obj
 0001:0000a9a0       ?create_pid_file@@YA_NPBDH@Z 0040b9a0 f   priv.obj
 0001:0000aa70       ?net_send_error@@YAHPAUst_net@@I@Z 0040ba70 f   protocol.obj
 0001:0000ab60       ?net_send_error_323@@YAHPAUst_net@@I@Z 0040bb60 f   protocol.obj
 0001:0000ac30       ?net_store_length@@YAPADPADI@Z 0040bc30 f   protocol.obj
 0001:0000ac60       ?store_to_protocol_packet@@YAHPAVBuffer@@PBDPAII@Z 0040bc60 f   protocol.obj
 0001:0000ace0       ?store_to_protocol_packet@@YAHPAVBuffer@@PBDPAI@Z 0040bce0 f   protocol.obj
 0001:0000ad20       ?send_eof@@YAHPAUst_net@@@Z 0040bd20 f   protocol.obj
 0001:0000ad80       ?send_fields@@YAHPAUst_net@@PAUst_list@@@Z 0040bd80 f   protocol.obj
 0001:0000afb0       ?net_send_ok@@YAHPAUst_net@@KPBD@Z 0040bfb0 f   protocol.obj
 0001:0000b0f0       ?init@Thread_info@@AAEX_N@Z 0040c0f0 f   thread_registry.obj
 0001:0000b110       ??0Thread_registry@@QAE@XZ 0040c110 f   thread_registry.obj
 0001:0000b160       ??1Thread_registry@@QAE@XZ 0040c160 f   thread_registry.obj
 0001:0000b1c0       ?register_thread@Thread_registry@@QAEXPAVThread_info@@_N@Z 0040c1c0 f   thread_registry.obj
 0001:0000b220       ?unregister_thread@Thread_registry@@QAEXPAVThread_info@@@Z 0040c220 f   thread_registry.obj
 0001:0000b280       ?cond_wait@Thread_registry@@QAEHPAVThread_info@@PAUpthread_cond_t@@PAU_RTL_CRITICAL_SECTION@@@Z 0040c280 f   thread_registry.obj
 0001:0000b300       ?cond_timedwait@Thread_registry@@QAEHPAVThread_info@@PAUpthread_cond_t@@PAU_RTL_CRITICAL_SECTION@@PAUtimespec@@@Z 0040c300 f   thread_registry.obj
 0001:0000b390       ?request_shutdown@Thread_registry@@QAEXXZ 0040c390 f   thread_registry.obj
 0001:0000b3b0       ?interrupt_threads@Thread_registry@@AAEXXZ 0040c3b0 f   thread_registry.obj
 0001:0000b410       ?wait_for_threads_to_unregister@Thread_registry@@AAEXXZ 0040c410 f   thread_registry.obj
 0001:0000b4a0       ??1Thread@@MAE@XZ          0040c4a0 f   thread_registry.obj
 0001:0000b4b0       ?thread_func@Thread@@CAPAXPAX@Z 0040c4b0 f   thread_registry.obj
 0001:0000b4d0       ?start@Thread@@QAE_NW4enum_thread_type@1@@Z 0040c4d0 f   thread_registry.obj
 0001:0000b550       ?join@Thread@@QAE_NXZ      0040c550 f   thread_registry.obj
 0001:0000b570       ?get_error_status@Thread_registry@@QAEHXZ 0040c570 f   thread_registry.obj
 0001:0000b5a0       ?set_error_status@Thread_registry@@QAEXXZ 0040c5a0 f   thread_registry.obj
 0001:0000b5d0       ?deliver_shutdown@Thread_registry@@QAEXXZ 0040c5d0 f   thread_registry.obj
 0001:0000b620       ??0User@@QAE@XZ            0040c620 f i user_map.obj
 0001:0000b630       ?set_password@User@@QAEXPBD@Z 0040c630 f i user_map.obj
 0001:0000b650       ??0Iterator@User_map@@QAE@PAV1@@Z 0040c650 f i user_map.obj
 0001:0000b670       ??0User@@QAE@PBUst_mysql_lex_string@@PBD@Z 0040c670 f   user_map.obj
 0001:0000b6b0       ?init@User@@QAEHPBD@Z      0040c6b0 f   user_map.obj
 0001:0000b860       ?reset@Iterator@User_map@@QAEXXZ 0040c860 f   user_map.obj
 0001:0000b870       ?next@Iterator@User_map@@QAEPAUUser@@XZ 0040c870 f   user_map.obj
 0001:0000b8a0       ?init@User_map@@QAEHXZ     0040c8a0 f   user_map.obj
 0001:0000b8f0       ??0User_map@@QAE@XZ        0040c8f0 f   user_map.obj
 0001:0000b900       ??1User_map@@QAE@XZ        0040c900 f   user_map.obj
 0001:0000b920       ?load@User_map@@QAEHPBDPAPBD@Z 0040c920 f   user_map.obj
 0001:0000bc70       ?save@User_map@@QAEHPBDPAPBD@Z 0040cc70 f   user_map.obj
 0001:0000bdc0       ?find_user@User_map@@QAEPAUUser@@PBUst_mysql_lex_string@@@Z 0040cdc0 f   user_map.obj
 0001:0000bde0       ?find_user@User_map@@QBEPBUUser@@PBUst_mysql_lex_string@@@Z 0040cde0 f   user_map.obj
 0001:0000bdf0       ?add_user@User_map@@QAE_NPAUUser@@@Z 0040cdf0 f   user_map.obj
 0001:0000be10       ?remove_user@User_map@@QAE_NPAUUser@@@Z 0040ce10 f   user_map.obj
 0001:0000be30       ?authenticate@User_map@@QBEHPBUst_mysql_lex_string@@PBD1@Z 0040ce30 f   user_map.obj
 0001:0000be70       ??0IMService@@AAE@XZ       0040ce70 f   IMService.obj
 0001:0000bea0       ?Shutdown@WindowsService@@MAEXXZ 0040cea0 f i IMService.obj
 0001:0000beb0       ?Pause@WindowsService@@MAEXXZ 0040ceb0 f i IMService.obj
 0001:0000bec0       ?Continue@WindowsService@@MAEXXZ 0040cec0 f i IMService.obj
 0001:0000bed0       ??1IMService@@AAE@XZ       0040ced0 f   IMService.obj
 0001:0000bee0       ?Stop@IMService@@MAEXXZ    0040cee0 f   IMService.obj
 0001:0000bf00       ?Run@IMService@@MAEXKPAPAD@Z 0040cf00 f   IMService.obj
 0001:0000bf60       ?Log@IMService@@MAEXPBD@Z  0040cf60 f   IMService.obj
 0001:0000bf80       ?main@IMService@@SAHXZ     0040cf80 f   IMService.obj
 0001:0000c0f0       ??0WindowsService@@QAE@PBD0@Z 0040d0f0 f   WindowsService.obj
 0001:0000c140       ?Stop@WindowsService@@MAEXXZ 0040d140 f i WindowsService.obj
 0001:0000c150       ?Log@WindowsService@@MAEXPBD@Z 0040d150 f i WindowsService.obj
 0001:0000c160       ??1WindowsService@@QAE@XZ  0040d160 f   WindowsService.obj
 0001:0000c170       ?IsInstalled@WindowsService@@QAEHXZ 0040d170 f   WindowsService.obj
 0001:0000c1c0       ?SetAcceptedControls@WindowsService@@QAEXK@Z 0040d1c0 f   WindowsService.obj
 0001:0000c1d0       ?ReportStatus@WindowsService@@IAEHKKK@Z 0040d1d0 f   WindowsService.obj
 0001:0000c290       ?HandleControlCode@WindowsService@@IAEXK@Z 0040d290 f   WindowsService.obj
 0001:0000c330       ?ControlHandler@WindowsService@@SGXK@Z 0040d330 f   WindowsService.obj
 0001:0000c340       ?Install@WindowsService@@QAEHPBD0@Z 0040d340 f   WindowsService.obj
 0001:0000c430       ?Remove@WindowsService@@QAEHXZ 0040d430 f   WindowsService.obj
 0001:0000c4c0       ?RegisterAndRun@WindowsService@@IAEXKPAPAD@Z 0040d4c0 f   WindowsService.obj
 0001:0000c530       ?ServiceMain@WindowsService@@SGXKPAPAD@Z 0040d530 f   WindowsService.obj
 0001:0000c540       ?Init@WindowsService@@QAEHXZ 0040d540 f   WindowsService.obj
 0001:0000c810       ?execute@Print_password_line_cmd@@UAEHXZ 0040d810 f   user_management_commands.obj
 0001:0000c8d0       ?execute@Add_user_cmd@@UAEHXZ 0040d8d0 f   user_management_commands.obj
 0001:0000ca20       ?execute@Drop_user_cmd@@UAEHXZ 0040da20 f   user_management_commands.obj
 0001:0000caf0       ?execute@Edit_user_cmd@@UAEHXZ 0040daf0 f   user_management_commands.obj
 0001:0000cbf0       ?execute@Clean_db_cmd@@UAEHXZ 0040dbf0 f   user_management_commands.obj
 0001:0000cc70       ?execute@Check_db_cmd@@UAEHXZ 0040dc70 f   user_management_commands.obj
 0001:0000ccb0       ?execute@List_users_cmd@@UAEHXZ 0040dcb0 f   user_management_commands.obj
 0001:0000cd60       _my_net_init               0040dd60 f   net_serv.obj
 0001:0000ce00       _net_end                   0040de00 f   net_serv.obj
 0001:0000ce20       _net_realloc               0040de20 f   net_serv.obj
 0001:0000cf50       _net_clear                 0040df50 f   net_serv.obj
 0001:0000cfd0       _net_real_write            0040dfd0 f   net_serv.obj
 0001:0000d470       _my_net_read               0040e470 f   net_serv.obj
 0001:0000d6c0       _my_net_set_read_timeout   0040e6c0 f   net_serv.obj
 0001:0000d6f0       _my_net_set_write_timeout  0040e6f0 f   net_serv.obj
 0001:0000d720       _net_flush                 0040e720 f   net_serv.obj
 0001:0000d880       _my_net_write              0040e880 f   net_serv.obj
 0001:0000d980       _net_write_command         0040e980 f   net_serv.obj
 0001:0000db50       _net_field_length@4        0040eb50 f   pack.obj
 0001:0000dbc0       _net_field_length_ll       0040ebc0 f   pack.obj
 0001:0000dc30       _net_store_length          0040ec30 f   pack.obj
 0001:0000dcd0       _randominit                0040ecd0 f   password.obj
 0001:0000dd10       _my_rnd                    0040ed10 f   password.obj
 0001:0000dd60       _hash_password             0040ed60 f   password.obj
 0001:0000de00       _make_scrambled_password_323 0040ee00 f   password.obj
 0001:0000de60       _scramble_323              0040ee60 f   password.obj
 0001:0000dfb0       _check_scramble_323        0040efb0 f   password.obj
 0001:0000e130       _get_salt_from_password_323 0040f130 f   password.obj
 0001:0000e2a0       _make_password_from_salt_323 0040f2a0 f   password.obj
 0001:0000e2d0       _create_random_string      0040f2d0 f   password.obj
 0001:0000e330       _octet2hex                 0040f330 f   password.obj
 0001:0000e460       _make_scrambled_password   0040f460 f   password.obj
 0001:0000e540       _scramble                  0040f540 f   password.obj
 0001:0000e680       _check_scramble            0040f680 f   password.obj
 0001:0000e840       _get_salt_from_password    0040f840 f   password.obj
 0001:0000e860       _make_password_from_salt   0040f860 f   password.obj
 0001:0000e890       _mysql_errno_to_sqlstate   0040f890 f   sql_state.obj
 0001:0000e8f0       _my_connect                0040f8f0 f   client.obj
 0001:0000e910       _set_mysql_error           0040f910 f   client.obj
 0001:0000e980       _net_clear_error           0040f980 f   client.obj
 0001:0000ea00       _create_named_pipe         0040fa00 f   client.obj
 0001:0000ec50       _free_rows                 0040fc50 f   client.obj
 0001:0000ec80       _free_old_query            0040fc80 f   client.obj
 0001:0000ed30       _end_server                0040fd30 f   client.obj
 0001:0000ed80       _mysql_free_result@4       0040fd80 f   client.obj
 0001:0000eec0       _mysql_read_default_options 0040fec0 f   client.obj
 0001:0000f470       _unpack_fields             00410470 f   client.obj
 0001:0000f850       _mysql_init@4              00410850 f   client.obj
 0001:0000f940       _mysql_ssl_set@24          00410940 f   client.obj
 0001:0000fac0       _mysql_get_ssl_cipher@4    00410ac0 f   client.obj
 0001:0000fc40       _mysql_init_character_set  00410c40 f   client.obj
 0001:0000fee0       _mysql_select_db@8         00410ee0 f   client.obj
 0001:000100f0       _mysql_detach_stmt_list    004110f0 f   client.obj
 0001:00010100       _mysql_close@4             00411100 f   client.obj
 0001:000101e0       _mysql_send_query@12       004111e0 f   client.obj
 0001:00010220       _mysql_real_query@12       00411220 f   client.obj
 0001:00010270       _mysql_store_result@4      00411270 f   client.obj
 0001:00010540       _mysql_fetch_lengths@4     00411540 f   client.obj
 0001:00010580       _mysql_options@12          00411580 f   client.obj
 0001:000108d0       _mysql_num_rows@4          004118d0 f   client.obj
 0001:000108e0       _mysql_num_fields@4        004118e0 f   client.obj
 0001:000108f0       _mysql_errno@4             004118f0 f   client.obj
 0001:00010910       _mysql_error@4             00411910 f   client.obj
 0001:00010930       _mysql_get_server_version@4 00411930 f   client.obj
 0001:000109a0       _mysql_set_character_set@8 004119a0 f   client.obj
 0001:00010af0       _cli_safe_read             00411af0 f   client.obj
 0001:00010cd0       _cli_read_rows             00411cd0 f   client.obj
 0001:000110d0       _mysql_real_connect@32     004120d0 f   client.obj
 0001:00012070       _mysql_reconnect           00413070 f   client.obj
 0001:00012560       _mysql_fetch_row@4         00413560 f   client.obj
 0001:00012650       _cli_advanced_command      00413650 f   client.obj
 0001:00012830       _get_tty_password          00413830 f   get_password.obj
 0001:00012960       _init_client_errs          00413960 f   errmsg.obj
 0001:00012980       _finish_client_errs        00413980 f   errmsg.obj
 0001:00012998       _InitializeCriticalSection@4 00413998 f   kernel32:KERNEL32.dll
 0001:0001299e       _EnterCriticalSection@4    0041399e f   kernel32:KERNEL32.dll
 0001:000129a4       _LeaveCriticalSection@4    004139a4 f   kernel32:KERNEL32.dll
 0001:000129aa       _DeleteCriticalSection@4   004139aa f   kernel32:KERNEL32.dll
 0001:000129b0       _GetSystemTimeAsFileTime@4 004139b0 f   kernel32:KERNEL32.dll
 0001:000129b6       _CloseHandle@4             004139b6 f   kernel32:KERNEL32.dll
 0001:000129bc       _GetExitCodeProcess@8      004139bc f   kernel32:KERNEL32.dll
 0001:000129c2       _WaitForSingleObject@8     004139c2 f   kernel32:KERNEL32.dll
 0001:000129c8       _CreateProcessA@40         004139c8 f   kernel32:KERNEL32.dll
 0001:000129ce       _SetLastError@4            004139ce f   kernel32:KERNEL32.dll
 0001:000129d4       _GetLastError@0            004139d4 f   kernel32:KERNEL32.dll
 0001:000129da       _CreateRemoteThread@28     004139da f   kernel32:KERNEL32.dll
 0001:000129e0       _GetProcAddress@8          004139e0 f   kernel32:KERNEL32.dll
 0001:000129e6       _DuplicateHandle@28        004139e6 f   kernel32:KERNEL32.dll
 0001:000129ec       _GetCurrentProcess@0       004139ec f   kernel32:KERNEL32.dll
 0001:000129f2       _GetModuleHandleA@4        004139f2 f   kernel32:KERNEL32.dll
 0001:000129f8       _TerminateProcess@8        004139f8 f   kernel32:KERNEL32.dll
 0001:000129fe       _OpenProcess@12            004139fe f   kernel32:KERNEL32.dll
 0001:00012a04       _GetCurrentThreadId@0      00413a04 f   kernel32:KERNEL32.dll
 0001:00012a0a       _Sleep@4                   00413a0a f   kernel32:KERNEL32.dll
 0001:00012a10       _GetFullPathNameA@16       00413a10 f   kernel32:KERNEL32.dll
 0001:00012a16       _GetModuleFileNameA@12     00413a16 f   kernel32:KERNEL32.dll
 0001:00012a1c       _SetHandleInformation@12   00413a1c f   kernel32:KERNEL32.dll
 0001:00012a22       _CreatePipe@16             00413a22 f   kernel32:KERNEL32.dll
 0001:00012a28       _ReadFile@20               00413a28 f   kernel32:KERNEL32.dll
 0001:00012a2e       _SetNamedPipeHandleState@16 00413a2e f   kernel32:KERNEL32.dll
 0001:00012a34       _WaitNamedPipeA@8          00413a34 f   kernel32:KERNEL32.dll
 0001:00012a3a       _CreateFileA@28            00413a3a f   kernel32:KERNEL32.dll
 0001:00012a40       _CloseServiceHandle@4      00413a40 f   advapi32:ADVAPI32.dll
 0001:00012a46       _OpenServiceA@12           00413a46 f   advapi32:ADVAPI32.dll
 0001:00012a4c       _OpenSCManagerA@12         00413a4c f   advapi32:ADVAPI32.dll
 0001:00012a52       _SetServiceStatus@8        00413a52 f   advapi32:ADVAPI32.dll
 0001:00012a58       _CreateServiceA@52         00413a58 f   advapi32:ADVAPI32.dll
 0001:00012a5e       _DeleteService@4           00413a5e f   advapi32:ADVAPI32.dll
 0001:00012a64       _RegisterServiceCtrlHandlerA@8 00413a64 f   advapi32:ADVAPI32.dll
 0001:00012a6a       _StartServiceCtrlDispatcherA@4 00413a6a f   advapi32:ADVAPI32.dll
 0001:00012a70       _my_realloc                00413a70 f   mysys:my_realloc.obj
 0001:00012af0       _my_malloc                 00413af0 f   mysys:my_malloc.obj
 0001:00012b70       _my_no_flags_free          00413b70 f   mysys:my_malloc.obj
 0001:00012b90       _my_memdup                 00413b90 f   mysys:my_malloc.obj
 0001:00012bc0       _my_strdup                 00413bc0 f   mysys:my_malloc.obj
 0001:00012c10       _my_strndup                00413c10 f   mysys:my_malloc.obj
 0001:00012c50       _init_dynamic_array2       00413c50 f   mysys:array.obj
 0001:00012cd0       _init_dynamic_array        00413cd0 f   mysys:array.obj
 0001:00012cf0       _alloc_dynamic             00413cf0 f   mysys:array.obj
 0001:00012d80       _pop_dynamic               00413d80 f   mysys:array.obj
 0001:00012da0       _allocate_dynamic          00413da0 f   mysys:array.obj
 0001:00012e20       _get_dynamic               00413e20 f   mysys:array.obj
 0001:00012e60       _delete_dynamic            00413e60 f   mysys:array.obj
 0001:00012ea0       _delete_dynamic_element    00413ea0 f   mysys:array.obj
 0001:00012ed0       _freeze_size               00413ed0 f   mysys:array.obj
 0001:00012f10       _get_index_dynamic         00413f10 f   mysys:array.obj
 0001:00012f30       _insert_dynamic            00413f30 f   mysys:array.obj
 0001:00012f80       _set_dynamic               00413f80 f   mysys:array.obj
 0001:00012ff0       _my_charset_same           00413ff0 f   mysys:charset.obj
 0001:00013630       _get_charsets_dir          00414630 f   mysys:charset.obj
 0001:000136f0       _add_compiled_collation    004146f0 f   mysys:charset.obj
 0001:00013800       _free_charsets             00414800 f   mysys:charset.obj
 0001:00013810       _get_collation_number      00414810 f   mysys:charset.obj
 0001:00013830       _get_charset_number        00414830 f   mysys:charset.obj
 0001:00013890       _get_charset_name          00414890 f   mysys:charset.obj
 0001:000139b0       _get_charset               004149b0 f   mysys:charset.obj
 0001:00013a80       _get_charset_by_name       00414a80 f   mysys:charset.obj
 0001:00013b20       _get_charset_by_csname     00414b20 f   mysys:charset.obj
 0001:00013bc0       _resolve_charset           00414bc0 f   mysys:charset.obj
 0001:00013bf0       _resolve_collation         00414bf0 f   mysys:charset.obj
 0001:00013c20       _escape_string_for_mysql   00414c20 f   mysys:charset.obj
 0001:00013dd0       _fs_character_set          00414dd0 f   mysys:charset.obj
 0001:00013e60       _escape_quotes_for_mysql   00414e60 f   mysys:charset.obj
 0001:00013f40       _list_add                  00414f40 f   mysys:list.obj
 0001:00013f70       _list_delete               00414f70 f   mysys:list.obj
 0001:00013fa0       _list_free                 00414fa0 f   mysys:list.obj
 0001:00013fe0       _list_cons                 00414fe0 f   mysys:list.obj
 0001:00014010       _list_reverse              00415010 f   mysys:list.obj
 0001:00014040       _list_length               00415040 f   mysys:list.obj
 0001:00014060       _list_walk                 00415060 f   mysys:list.obj
 0001:000140d0       _modify_defaults_file      004150d0 f   mysys:default_modify.obj
 0001:00014540       _my_read                   00415540 f   mysys:my_read.obj
 0001:00014670       _my_seek                   00415670 f   mysys:my_seek.obj
 0001:00014710       _my_tell                   00415710 f   mysys:my_seek.obj
 0001:00014770       _my_dirend                 00415770 f   mysys:my_lib.obj
 0001:000147e0       _my_dir                    004157e0 f   mysys:my_lib.obj
 0001:00014a70       _my_fstat                  00415a70 f   mysys:my_lib.obj
 0001:00014a90       _my_stat                   00415a90 f   mysys:my_lib.obj
 0001:00014b20       _my_close                  00415b20 f   mysys:my_open.obj
 0001:00014be0       _my_register_filename      00415be0 f   mysys:my_open.obj
 0001:00014cf0       _my_sopen                  00415cf0 f   mysys:my_open.obj
 0001:00014f90       _my_open                   00415f90 f   mysys:my_open.obj
 0001:00015040       __my_hash_init             00416040 f   mysys:hash.obj
 0001:000150f0       _my_hash_free              004160f0 f   mysys:hash.obj
 0001:00015110       _my_hash_reset             00416110 f   mysys:hash.obj
 0001:00015280       _my_hash_delete            00416280 f   mysys:hash.obj
 0001:000154c0       _my_hash_element           004164c0 f   mysys:hash.obj
 0001:000154e0       _my_hash_replace           004164e0 f   mysys:hash.obj
 0001:00015500       _my_hash_first             00416500 f   mysys:hash.obj
 0001:000155b0       _my_hash_next              004165b0 f   mysys:hash.obj
 0001:00015620       _my_hash_update            00416620 f   mysys:hash.obj
 0001:00015820       _my_hash_search            00416820 f   mysys:hash.obj
 0001:00015840       _my_hash_insert            00416840 f   mysys:hash.obj
 0001:00015b20       _pthread_cond_init         00416b20 f   mysys:my_wincond.obj
 0001:00015b80       _pthread_cond_destroy      00416b80 f   mysys:my_wincond.obj
 0001:00015bd0       _pthread_cond_timedwait    00416bd0 f   mysys:my_wincond.obj
 0001:00015cb0       _pthread_cond_signal       00416cb0 f   mysys:my_wincond.obj
 0001:00015ce0       _pthread_cond_broadcast    00416ce0 f   mysys:my_wincond.obj
 0001:00015d20       _pthread_attr_init         00416d20 f   mysys:my_wincond.obj
 0001:00015d40       _pthread_attr_setstacksize 00416d40 f   mysys:my_wincond.obj
 0001:00015d50       _pthread_attr_setprio      00416d50 f   mysys:my_wincond.obj
 0001:00015d60       _pthread_attr_destroy      00416d60 f   mysys:my_wincond.obj
 0001:00015d70       _localtime_r               00416d70 f   mysys:my_wincond.obj
 0001:00015de0       _pthread_cond_wait         00416de0 f   mysys:my_wincond.obj
 0001:00015e00       _my_sleep                  00416e00 f   mysys:my_sleep.obj
 0001:00015e20       _my_write                  00416e20 f   mysys:my_write.obj
 0001:00015f70       _my_access                 00416f70 f   mysys:my_access.obj
 0001:00016000       _check_if_legal_tablename  00417000 f   mysys:my_access.obj
 0001:00016050       _check_if_legal_filename   00417050 f   mysys:my_access.obj
 0001:00016180       _get_defaults_options      00417180 f   mysys:default.obj
 0001:00016250       _free_defaults             00417250 f   mysys:default.obj
 0001:00016cf0       _my_print_default_files    00417cf0 f   mysys:default.obj
 0001:00016e80       _print_defaults            00417e80 f   mysys:default.obj
 0001:00016fa0       _my_search_option_files    00417fa0 f   mysys:default.obj
 0001:00017210       _load_defaults             00418210 f   mysys:default.obj
 0001:000174c0       _init_alloc_root           004184c0 f   mysys:my_alloc.obj
 0001:00017520       _reset_root_defaults       00418520 f   mysys:my_alloc.obj
 0001:000175c0       _alloc_root                004185c0 f   mysys:my_alloc.obj
 0001:000176a0       _multi_alloc_root          004186a0 f   mysys:my_alloc.obj
 0001:00017760       _free_root                 00418760 f   mysys:my_alloc.obj
 0001:00017800       _set_prealloc_root         00418800 f   mysys:my_alloc.obj
 0001:00017850       _strmake_root              00418850 f   mysys:my_alloc.obj
 0001:00017890       _memdup_root               00418890 f   mysys:my_alloc.obj
 0001:000178c0       _strdup_root               004188c0 f   mysys:my_alloc.obj
 0001:000178f0       _strlength                 004188f0 f   mysys:mf_format.obj
 0001:00017940       _fn_format                 00418940 f   mysys:mf_format.obj
 0001:00017b80       _my_load_path              00418b80 f   mysys:mf_loadpath.obj
 0001:00017cc0       _my_fclose                 00418cc0 f   mysys:my_fopen.obj
 0001:00017de0       _my_fopen                  00418de0 f   mysys:my_fopen.obj
 0001:00017f50       _my_fdopen                 00418f50 f   mysys:my_fopen.obj
 0001:00018050       _dirname_length            00419050 f   mysys:mf_dirname.obj
 0001:000180a0       _convert_dirname           004190a0 f   mysys:mf_dirname.obj
 0001:00018150       _dirname_part              00419150 f   mysys:mf_dirname.obj
 0001:00018180       _my_thread_global_end      00419180 f   mysys:my_thr_init.obj
 0001:00018290       _my_thread_end             00419290 f   mysys:my_thr_init.obj
 0001:00018300       __my_thread_var            00419300 f   mysys:my_thr_init.obj
 0001:00018320       _my_thread_dbug_id         00419320 f   mysys:my_thr_init.obj
 0001:00018330       _my_thread_name            00419330 f   mysys:my_thr_init.obj
 0001:00018350       _my_thread_init            00419350 f   mysys:my_thr_init.obj
 0001:000183d0       _my_thread_global_init     004193d0 f   mysys:my_thr_init.obj
 0001:00018490       _my_delete                 00419490 f   mysys:my_delete.obj
 0001:00018510       _nt_share_delete           00419510 f   mysys:my_delete.obj
 0001:00018640       _my_end                    00419640 f   mysys:my_init.obj
 0001:00018710       _my_parameter_handler      00419710 f   mysys:my_init.obj
 0001:00018a30       _my_init                   00419a30 f   mysys:my_init.obj
 0001:00018b70       _my_getopt_register_get_addr 00419b70 f   mysys:my_getopt.obj
 0001:00018bd0       _getopt_compare_strings    00419bd0 f   mysys:my_getopt.obj
 0001:00018d20       _getopt_ll_limit_value     00419d20 f   mysys:my_getopt.obj
 0001:00018e80       _getopt_ull_limit_value    00419e80 f   mysys:my_getopt.obj
 0001:00019220       _my_print_help             0041a220 f   mysys:my_getopt.obj
 0001:00019450       _my_print_variables        0041a450 f   mysys:my_getopt.obj
 0001:00019820       _my_cleanup_options        0041a820 f   mysys:my_getopt.obj
 0001:000199c0       _handle_options            0041a9c0 f   mysys:my_getopt.obj
 0001:0001a380       _gmtime_r                  0041b380 f   mysys:my_pthread.obj
 0001:0001a3c0       _pthread_no_free           0041b3c0 f   mysys:my_pthread.obj
 0001:0001a3d0       _pthread_dummy             0041b3d0 f   mysys:my_pthread.obj
 0001:0001a3e0       _win_pthread_init          0041b3e0 f   mysys:my_winthread.obj
 0001:0001a3f0       _win_pthread_mutex_trylock 0041b3f0 f   mysys:my_winthread.obj
 0001:0001a420       _pthread_exit              0041b420 f   mysys:my_winthread.obj
 0001:0001a430       _win_pthread_setspecific   0041b430 f   mysys:my_winthread.obj
 0001:0001a450       _pthread_start             0041b450 f   mysys:my_winthread.obj
 0001:0001a4a0       _pthread_create            0041b4a0 f   mysys:my_winthread.obj
 0001:0001a530       _my_error                  0041b530 f   mysys:my_error.obj
 0001:0001a5e0       _my_printf_error           0041b5e0 f   mysys:my_error.obj
 0001:0001a650       _my_message                0041b650 f   mysys:my_error.obj
 0001:0001a660       _my_error_register         0041b660 f   mysys:my_error.obj
 0001:0001a6e0       _my_error_unregister       0041b6e0 f   mysys:my_error.obj
 0001:0001a730       _my_error_unregister_all   0041b730 f   mysys:my_error.obj
 0001:0001a760       _my_compress_alloc         0041b760 f   mysys:my_compress.obj
 0001:0001a7f0       _my_uncompress             0041b7f0 f   mysys:my_compress.obj
 0001:0001a870       _unpackfrm                 0041b870 f   mysys:my_compress.obj
 0001:0001a900       _my_compress               0041b900 f   mysys:my_compress.obj
 0001:0001a960       _packfrm                   0041b960 f   mysys:my_compress.obj
 0001:0001a9f0       _mysql_sha1_reset          0041b9f0 f   mysys:sha1.obj
 0001:0001b090       _mysql_sha1_result         0041c090 f   mysys:sha1.obj
 0001:0001b100       _mysql_sha1_input          0041c100 f   mysys:sha1.obj
 0001:0001b150       _find_type                 0041c150 f   mysys:typelib.obj
 0001:0001b2c0       _get_type                  0041c2c0 f   mysys:typelib.obj
 0001:0001b2e0       _find_typeset              0041c2e0 f   mysys:typelib.obj
 0001:0001b370       _copy_typelib              0041c370 f   mysys:typelib.obj
 0001:0001b440       _find_type_or_exit         0041c440 f   mysys:typelib.obj
 0001:0001b510       _make_type                 0041c510 f   mysys:typelib.obj
 0001:0001b540       _my_multi_malloc           0041c540 f   mysys:mulalloc.obj
 0001:0001b5b0       _my_gethostbyname_r        0041c5b0 f   mysys:my_gethostbyname.obj
 0001:0001b5e0       _my_gethostbyname_r_free   0041c5e0 f   mysys:my_gethostbyname.obj
 0001:0001b5f0       _thr_alarm_kill            0041c5f0 f   mysys:thr_alarm.obj
 0001:0001b600       _process_alarm             0041c600 f   mysys:thr_alarm.obj
 0001:0001b610       _thr_alarm                 0041c610 f   mysys:thr_alarm.obj
 0001:0001b660       _thr_got_alarm             0041c660 f   mysys:thr_alarm.obj
 0001:0001b6d0       _thr_end_alarm             0041c6d0 f   mysys:thr_alarm.obj
 0001:0001b700       _end_thr_alarm             0041c700 f   mysys:thr_alarm.obj
 0001:0001b710       _init_thr_alarm            0041c710 f   mysys:thr_alarm.obj
 0001:0001b720       _thr_alarm_info            0041c720 f   mysys:thr_alarm.obj
 0001:0001b730       _resize_thr_alarm          0041c730 f   mysys:thr_alarm.obj
 0001:0001b740       _my_once_alloc             0041c740 f   mysys:my_once.obj
 0001:0001b800       _my_once_strdup            0041c800 f   mysys:my_once.obj
 0001:0001b850       _my_once_memdup            0041c850 f   mysys:my_once.obj
 0001:0001b880       _my_once_free              0041c880 f   mysys:my_once.obj
 0001:0001b8b0       _my_getwd                  0041c8b0 f   mysys:my_getwd.obj
 0001:0001b950       _test_if_hard_path         0041c950 f   mysys:my_getwd.obj
 0001:0001b9a0       _has_path                  0041c9a0 f   mysys:my_getwd.obj
 0001:0001b9e0       _my_setwd                  0041c9e0 f   mysys:my_getwd.obj
 0001:0001ba90       _init_compiled_charsets    0041ca90 f   mysys:charset-def.obj
 0001:0001bd70       _my_fread                  0041cd70 f   mysys:my_fstream.obj
 0001:0001be40       _my_fseek                  0041ce40 f   mysys:my_fstream.obj
 0001:0001be70       _my_ftell                  0041ce70 f   mysys:my_fstream.obj
 0001:0001be80       _my_fwrite                 0041ce80 f   mysys:my_fstream.obj
 0001:0001bf90       _my_chsize                 0041cf90 f   mysys:my_chsize.obj
 0001:0001c120       _my_filename               0041d120 f   mysys:my_div.obj
 0001:0001c150       _my_qsort                  0041d150 f   mysys:mf_qsort.obj
 0001:0001c7e0       _init_glob_errs            0041d7e0 f   mysys:errors.obj
 0001:0001c7f0       _wait_for_free_space       0041d7f0 f   mysys:errors.obj
 0001:0001c860       _array_append_string_unique 0041d860 f   mysys:mf_arr_appstr.obj
 0001:0001c8e0       _cleanup_dirname           0041d8e0 f   mysys:mf_pack.obj
 0001:0001cd40       _symdirget                 0041dd40 f   mysys:mf_pack.obj
 0001:0001ce80       _system_filename           0041de80 f   mysys:mf_pack.obj
 0001:0001cea0       _intern_filename           0041dea0 f   mysys:mf_pack.obj
 0001:0001cf20       _pack_dirname              0041df20 f   mysys:mf_pack.obj
 0001:0001d2b0       _normalize_dirname         0041e2b0 f   mysys:mf_pack.obj
 0001:0001d340       _unpack_dirname            0041e340 f   mysys:mf_pack.obj
 0001:0001d440       _unpack_filename           0041e440 f   mysys:mf_pack.obj
 0001:0001d500       _fn_ext                    0041e500 f   mysys:mf_fn_ext.obj
 0001:0001d560       _my_readlink               0041e560 f   mysys:my_symlink.obj
 0001:0001d580       _my_symlink                0041e580 f   mysys:my_symlink.obj
 0001:0001d590       _my_is_symlink             0041e590 f   mysys:my_symlink.obj
 0001:0001d5b0       _my_realpath               0041e5b0 f   mysys:my_symlink.obj
 0001:0001d5d0       _my_message_no_curses      0041e5d0 f   mysys:my_messnc.obj
 0001:0001d670       _my_sync                   0041e670 f   mysys:my_sync.obj
 0001:0001d700       _my_sync_dir               0041e700 f   mysys:my_sync.obj
 0001:0001d710       _my_sync_dir_by_file       0041e710 f   mysys:my_sync.obj
 0001:0001d720       _strnmov                   0041e720 f   strings:strnmov.obj
 0001:0001d750       _strmake                   0041e750 f   strings:strmake.obj
 0001:0001d780       _int2str                   0041e780 f   strings:int2str.obj
 0001:0001d860       _int10_to_str              0041e860 f   strings:int2str.obj
 0001:0001d910       _strxnmov                  0041e910 f   strings:strxnmov.obj
 0001:0001d960       _strmov                    0041e960 f   strings:strmov.obj
 0001:0001d980       _strend                    0041e980 f   strings:strend.obj
 0001:0001d9a0       _strxmov                   0041e9a0 f   strings:strxmov.obj
 0001:0001d9e0       _is_prefix                 0041e9e0 f   strings:is_prefix.obj
 0001:0001da10       _my_strtoll10              0041ea10 f   strings:my_strtoll10.obj
 0001:0001df70       _my_hash_sort_latin1_de    0041ef70 f   strings:ctype-latin1.obj
 0001:0001e010       _my_vsnprintf              0041f010 f   strings:my_vsnprintf.obj
 0001:0001e320       _my_snprintf               0041f320 f   strings:my_vsnprintf.obj
 0001:0001e340       _strcend                   0041f340 f   strings:strcend.obj
 0001:0001e370       _my_strnxfrmlen_simple     0041f370 f   strings:ctype-simple.obj
 0001:0001e390       _my_strnxfrm_simple        0041f390 f   strings:ctype-simple.obj
 0001:0001e410       _my_strnncoll_simple       0041f410 f   strings:ctype-simple.obj
 0001:0001e490       _my_strnncollsp_simple     0041f490 f   strings:ctype-simple.obj
 0001:0001e540       _my_caseup_str_8bit        0041f540 f   strings:ctype-simple.obj
 0001:0001e580       _my_casedn_str_8bit        0041f580 f   strings:ctype-simple.obj
 0001:0001e5c0       _my_caseup_8bit            0041f5c0 f   strings:ctype-simple.obj
 0001:0001e5f0       _my_casedn_8bit            0041f5f0 f   strings:ctype-simple.obj
 0001:0001e620       _my_strcasecmp_8bit        0041f620 f   strings:ctype-simple.obj
 0001:0001e680       _my_mb_wc_8bit             0041f680 f   strings:ctype-simple.obj
 0001:0001e6c0       _my_wc_mb_8bit             0041f6c0 f   strings:ctype-simple.obj
 0001:0001e720       _my_snprintf_8bit          0041f720 f   strings:ctype-simple.obj
 0001:0001e740       _my_hash_sort_simple       0041f740 f   strings:ctype-simple.obj
 0001:0001e7c0       _my_strntol_8bit           0041f7c0 f   strings:ctype-simple.obj
 0001:0001e920       _my_strntoul_8bit          0041f920 f   strings:ctype-simple.obj
 0001:0001ea60       _my_strntoll_8bit          0041fa60 f   strings:ctype-simple.obj
 0001:0001ec20       _my_strntoull_8bit         0041fc20 f   strings:ctype-simple.obj
 0001:0001edb0       _my_strntod_8bit           0041fdb0 f   strings:ctype-simple.obj
 0001:0001ede0       _my_long10_to_str_8bit     0041fde0 f   strings:ctype-simple.obj
 0001:0001eeb0       _my_longlong10_to_str_8bit 0041feb0 f   strings:ctype-simple.obj
 0001:0001efe0       _my_wildcmp_8bit           0041ffe0 f   strings:ctype-simple.obj
 0001:0001f180       _my_like_range_simple      00420180 f   strings:ctype-simple.obj
 0001:0001f2a0       _my_scan_8bit              004202a0 f   strings:ctype-simple.obj
 0001:0001f310       _my_fill_8bit              00420310 f   strings:ctype-simple.obj
 0001:0001f330       _my_numchars_8bit          00420330 f   strings:ctype-simple.obj
 0001:0001f340       _my_numcells_8bit          00420340 f   strings:ctype-simple.obj
 0001:0001f350       _my_charpos_8bit           00420350 f   strings:ctype-simple.obj
 0001:0001f360       _my_well_formed_len_8bit   00420360 f   strings:ctype-simple.obj
 0001:0001f380       _my_lengthsp_8bit          00420380 f   strings:ctype-simple.obj
 0001:0001f3a0       _my_instr_simple           004203a0 f   strings:ctype-simple.obj
 0001:0001f860       _my_strtoll10_8bit         00420860 f   strings:ctype-simple.obj
 0001:0001f880       _my_mb_ctype_8bit          00420880 f   strings:ctype-simple.obj
 0001:0001f8c0       _my_strntoull10rnd_8bit    004208c0 f   strings:ctype-simple.obj
 0001:0001fd60       _my_propagate_simple       00420d60 f   strings:ctype-simple.obj
 0001:0001fd70       _my_propagate_complex      00420d70 f   strings:ctype-simple.obj
 0001:0001fe40       _my_lengthsp_binary        00420e40 f   strings:ctype-bin.obj
 0001:0001fff0       _my_mbcharlen_8bit         00420ff0 f   strings:ctype-bin.obj
 0001:00020050       _my_hash_sort_8bit_bin     00421050 f   strings:ctype-bin.obj
 0001:000200b0       _my_hash_sort_bin          004210b0 f   strings:ctype-bin.obj
 0001:00020100       _my_wildcmp_bin            00421100 f   strings:ctype-bin.obj
 0001:00020a00       _my_parse_charset_xml      00421a00 f   strings:ctype.obj
 0001:00020ac0       _my_string_repertoire      00421ac0 f   strings:ctype.obj
 0001:00020b40       _my_charset_repertoire     00421b40 f   strings:ctype.obj
 0001:00020b60       _my_charset_is_ascii_based 00421b60 f   strings:ctype.obj
 0001:00020ba0       _my_charset_is_8bit_pure_ascii 00421ba0 f   strings:ctype.obj
 0001:000227d0       _str2int                   004237d0 f   strings:str2int.obj
 0001:00022980       _strtoll                   00423980 f   strings:strtoll.obj
 0001:00022ba0       _llstr                     00423ba0 f   strings:llstr.obj
 0001:00022bc0       _ullstr                    00423bc0 f   strings:llstr.obj
 0001:00022be0       _my_strtod                 00423be0 f   strings:strtod.obj
 0001:00022f50       _my_atof                   00423f50 f   strings:strtod.obj
 0001:00022f80       _longlong2str              00423f80 f   strings:longlong2str.obj
 0001:000230b0       _longlong10_to_str         004240b0 f   strings:longlong2str.obj
 0001:000231c0       _my_wildcmp_unicode        004241c0 f   strings:ctype-utf8.obj
 0001:00026470       _my_strntol_ucs2           00427470 f   strings:ctype-ucs2.obj
 0001:00026680       _my_strntoul_ucs2          00427680 f   strings:ctype-ucs2.obj
 0001:00026870       _my_strntoll_ucs2          00427870 f   strings:ctype-ucs2.obj
 0001:00026b00       _my_strntoull_ucs2         00427b00 f   strings:ctype-ucs2.obj
 0001:00026d50       _my_strntod_ucs2           00427d50 f   strings:ctype-ucs2.obj
 0001:00026e40       _my_strntoull10rnd_ucs2    00427e40 f   strings:ctype-ucs2.obj
 0001:00026f30       _my_l10tostr_ucs2          00427f30 f   strings:ctype-ucs2.obj
 0001:00027030       _my_ll10tostr_ucs2         00428030 f   strings:ctype-ucs2.obj
 0001:00027170       _my_strtoll10_ucs2         00428170 f   strings:ctype-ucs2.obj
 0001:00027820       _my_like_range_ucs2        00428820 f   strings:ctype-ucs2.obj
 0001:00027b30       _my_scan_ucs2              00428b30 f   strings:ctype-ucs2.obj
 0001:00028640       _my_strnncoll_gbk_internal 00429640 f   strings:ctype-gbk.obj
 0001:00028740       _my_strnncoll_gbk          00429740 f   strings:ctype-gbk.obj
 0001:0002c240       _bchange                   0042d240 f   strings:bchange.obj
 0001:0002c2a0       _bmove_upp                 0042d2a0 f   strings:bmove_upp.obj
 0001:0002c9f0       _my_xml_parse              0042d9f0 f   strings:xml.obj
 0001:0002cdc0       _my_xml_parser_create      0042ddc0 f   strings:xml.obj
 0001:0002cde0       _my_xml_parser_free        0042dde0 f   strings:xml.obj
 0001:0002cdf0       _my_xml_set_value_handler  0042ddf0 f   strings:xml.obj
 0001:0002ce00       _my_xml_set_enter_handler  0042de00 f   strings:xml.obj
 0001:0002ce10       _my_xml_set_leave_handler  0042de10 f   strings:xml.obj
 0001:0002ce20       _my_xml_set_user_data      0042de20 f   strings:xml.obj
 0001:0002ce30       _my_xml_error_string       0042de30 f   strings:xml.obj
 0001:0002ce40       _my_xml_error_pos          0042de40 f   strings:xml.obj
 0001:0002ce70       _my_xml_error_lineno       0042de70 f   strings:xml.obj
 0001:0002cea0       _my_caseup_str_mb          0042dea0 f   strings:ctype-mb.obj
 0001:0002cef0       _my_casedn_str_mb          0042def0 f   strings:ctype-mb.obj
 0001:0002cf40       _my_caseup_mb              0042df40 f   strings:ctype-mb.obj
 0001:0002cf90       _my_casedn_mb              0042df90 f   strings:ctype-mb.obj
 0001:0002cfe0       _my_strcasecmp_mb          0042dfe0 f   strings:ctype-mb.obj
 0001:0002d080       _my_wildcmp_mb             0042e080 f   strings:ctype-mb.obj
 0001:0002d4d0       _my_numchars_mb            0042e4d0 f   strings:ctype-mb.obj
 0001:0002d510       _my_charpos_mb             0042e510 f   strings:ctype-mb.obj
 0001:0002d570       _my_well_formed_len_mb     0042e570 f   strings:ctype-mb.obj
 0001:0002d5e0       _my_instr_mb               0042e5e0 f   strings:ctype-mb.obj
 0001:0002d980       _my_like_range_mb          0042e980 f   strings:ctype-mb.obj
 0001:0002dff0       _my_numcells_mb            0042eff0 f   strings:ctype-mb.obj
 0001:0002e060       _my_mb_ctype_mb            0042f060 f   strings:ctype-mb.obj
 0001:0002e100       _vio_delete                0042f100 f   vio:vio.obj
 0001:0002e130       _vio_end                   0042f130 f   vio:vio.obj
 0001:0002e2b0       _vio_reset                 0042f2b0 f   vio:vio.obj
 0001:0002e2e0       _vio_new                   0042f2e0 f   vio:vio.obj
 0001:0002e360       _vio_new_win32pipe         0042f360 f   vio:vio.obj
 0001:0002e3b0       _vio_new_win32shared_memory 0042f3b0 f   vio:vio.obj
 0001:0002e460       _vio_errno                 0042f460 f   vio:viosocket.obj
 0001:0002e470       _vio_read                  0042f470 f   vio:viosocket.obj
 0001:0002e490       _vio_read_buff             0042f490 f   vio:viosocket.obj
 0001:0002e530       _vio_write                 0042f530 f   vio:viosocket.obj
 0001:0002e550       _vio_blocking              0042f550 f   vio:viosocket.obj
 0001:0002e5c0       _vio_is_blocking           0042f5c0 f   vio:viosocket.obj
 0001:0002e5d0       _vio_fastsend              0042f5d0 f   vio:viosocket.obj
 0001:0002e600       _vio_keepalive             0042f600 f   vio:viosocket.obj
 0001:0002e640       _vio_should_retry          0042f640 f   vio:viosocket.obj
 0001:0002e670       _vio_was_interrupted       0042f670 f   vio:viosocket.obj
 0001:0002e6a0       _vio_close                 0042f6a0 f   vio:viosocket.obj
 0001:0002e710       _vio_description           0042f710 f   vio:viosocket.obj
 0001:0002e720       _vio_type                  0042f720 f   vio:viosocket.obj
 0001:0002e730       _vio_fd                    0042f730 f   vio:viosocket.obj
 0001:0002e740       _vio_peer_addr             0042f740 f   vio:viosocket.obj
 0001:0002e7c0       _vio_in_addr               0042f7c0 f   vio:viosocket.obj
 0001:0002e7e0       _vio_poll_read             0042f7e0 f   vio:viosocket.obj
 0001:0002e7f0       _vio_timeout               0042f7f0 f   vio:viosocket.obj
 0001:0002e830       _vio_read_pipe             0042f830 f   vio:viosocket.obj
 0001:0002e860       _vio_write_pipe            0042f860 f   vio:viosocket.obj
 0001:0002e890       _vio_close_pipe            0042f890 f   vio:viosocket.obj
 0001:0002e8b0       _vio_ignore_timeout        0042f8b0 f   vio:viosocket.obj
 0001:0002e8c0       _vio_read_shared_memory    0042f8c0 f   vio:viosocket.obj
 0001:0002e9b0       _vio_write_shared_memory   0042f9b0 f   vio:viosocket.obj
 0001:0002ea50       _vio_close_shared_memory   0042fa50 f   vio:viosocket.obj
 0001:0002eb30       _vio_ssl_read              0042fb30 f   vio:viossl.obj
 0001:0002eb50       _vio_ssl_write             0042fb50 f   vio:viossl.obj
 0001:0002eb70       _vio_ssl_close             0042fb70 f   vio:viossl.obj
 0001:0002ebb0       _vio_ssl_delete            0042fbb0 f   vio:viossl.obj
 0001:0002ecc0       _sslaccept                 0042fcc0 f   vio:viossl.obj
 0001:0002ece0       _sslconnect                0042fce0 f   vio:viossl.obj
 0001:0002ed00       _vio_ssl_blocking          0042fd00 f   vio:viossl.obj
 0001:0002f040       _new_VioSSLConnectorFd     00430040 f   vio:viosslfactories.obj
 0001:0002f0a0       _new_VioSSLAcceptorFd      004300a0 f   vio:viosslfactories.obj
 0001:0002f100       _free_vio_ssl_acceptor_fd  00430100 f   vio:viosslfactories.obj
 0001:0002f120       ??2@YAPAXIPAUDummy@@@Z     00430120 f i yassl:ssl.obj
 0001:0002f130       ??1Message@yaSSL@@UAE@XZ   00430130 f i yassl:ssl.obj
 0001:0002f140       ??_GMessage@yaSSL@@UAEPAXI@Z 00430140 f i yassl:ssl.obj
 0001:0002f140       ??_EMessage@yaSSL@@UAEPAXI@Z 00430140 f i yassl:ssl.obj
 0001:0002f160       ??1Alert@yaSSL@@UAE@XZ     00430160 f i yassl:ssl.obj
 0001:0002f170       ??1HandShakeBase@yaSSL@@UAE@XZ 00430170 f i yassl:ssl.obj
 0001:0002f180       ??_GHandShakeBase@yaSSL@@UAEPAXI@Z 00430180 f i yassl:ssl.obj
 0001:0002f180       ??_EHandShakeBase@yaSSL@@UAEPAXI@Z 00430180 f i yassl:ssl.obj
 0001:0002f1a0       ??0EncryptedInfo@yaSSL@@QAE@XZ 004301a0 f i yassl:ssl.obj
 0001:0002f1b0       ?min@TaoCrypt@@YAIII@Z     004301b0 f i yassl:ssl.obj
 0001:0002f1c0       ??0Error@TaoCrypt@@QAE@W4ErrorNumber@1@@Z 004301c0 f i yassl:ssl.obj
 0001:0002f1d0       ?assign@BIGNUM@yaSSL@@QAEXPBEI@Z 004301d0 f i yassl:ssl.obj
 0001:0002f1e0       ??1Finished@yaSSL@@UAE@XZ  004301e0 f i yassl:ssl.obj
 0001:0002f1f0       ??1HASH@TaoCrypt@@UAE@XZ   004301f0 f i yassl:ssl.obj
 0001:0002f200       ??_GHASH@TaoCrypt@@UAEPAXI@Z 00430200 f i yassl:ssl.obj
 0001:0002f200       ??_EHASH@TaoCrypt@@UAEPAXI@Z 00430200 f i yassl:ssl.obj
 0001:0002f220       ??1HASHwithTransform@TaoCrypt@@UAE@XZ 00430220 f i yassl:ssl.obj
 0001:0002f230       ??0MD5@TaoCrypt@@QAE@XZ    00430230 f i yassl:ssl.obj
 0001:0002f250       ?getByteOrder@MD5@TaoCrypt@@UBE?AW4ByteOrder@2@XZ 00430250 f i yassl:ssl.obj
 0001:0002f260       ?getBlockSize@MD5@TaoCrypt@@UBEIXZ 00430260 f i yassl:ssl.obj
 0001:0002f270       ?getDigestSize@MD5@TaoCrypt@@UBEIXZ 00430270 f i yassl:ssl.obj
 0001:0002f280       ?getPadSize@MD5@TaoCrypt@@UBEIXZ 00430280 f i yassl:ssl.obj
 0001:0002f290       ??1MD5@TaoCrypt@@UAE@XZ    00430290 f i yassl:ssl.obj
 0001:0002f2a0       ??0MD4@TaoCrypt@@QAE@XZ    004302a0 f i yassl:ssl.obj
 0001:0002f2c0       ?getByteOrder@MD4@TaoCrypt@@UBE?AW4ByteOrder@2@XZ 004302c0 f i yassl:ssl.obj
 0001:0002f2d0       ?getBlockSize@MD4@TaoCrypt@@UBEIXZ 004302d0 f i yassl:ssl.obj
 0001:0002f2e0       ?getDigestSize@MD4@TaoCrypt@@UBEIXZ 004302e0 f i yassl:ssl.obj
 0001:0002f2f0       ?getPadSize@MD4@TaoCrypt@@UBEIXZ 004302f0 f i yassl:ssl.obj
 0001:0002f300       ??1MD4@TaoCrypt@@UAE@XZ    00430300 f i yassl:ssl.obj
 0001:0002f310       _yaSSLv3_server_method     00430310 f   yassl:ssl.obj
 0001:0002f350       _yaSSLv3_client_method     00430350 f   yassl:ssl.obj
 0001:0002f390       _yaTLSv1_server_method     00430390 f   yassl:ssl.obj
 0001:0002f3d0       _yaTLSv1_client_method     004303d0 f   yassl:ssl.obj
 0001:0002f410       _yaTLSv1_1_server_method   00430410 f   yassl:ssl.obj
 0001:0002f450       _yaTLSv1_1_client_method   00430450 f   yassl:ssl.obj
 0001:0002f490       _yaSSLv23_server_method    00430490 f   yassl:ssl.obj
 0001:0002f4d0       _yaSSLv23_client_method    004304d0 f   yassl:ssl.obj
 0001:0002f510       _yaSSL_CTX_new             00430510 f   yassl:ssl.obj
 0001:0002f540       _yaSSL_new                 00430540 f   yassl:ssl.obj
 0001:0002f570       _yaSSL_set_fd              00430570 f   yassl:ssl.obj
 0001:0002f590       _yaSSL_get_fd              00430590 f   yassl:ssl.obj
 0001:0002f5a0       _yaSSL_connect             004305a0 f   yassl:ssl.obj
 0001:0002f7f0       _yaSSL_write               004307f0 f   yassl:ssl.obj
 0001:0002f800       ??1Data@yaSSL@@UAE@XZ      00430800 f i yassl:ssl.obj
 0001:0002f810       _yaSSL_accept              00430810 f   yassl:ssl.obj
 0001:0002fa90       _yaSSL_do_handshake        00430a90 f   yassl:ssl.obj
 0001:0002fac0       _yaSSL_clear               00430ac0 f   yassl:ssl.obj
 0001:0002fae0       _yaSSL_shutdown            00430ae0 f   yassl:ssl.obj
 0001:0002fb50       _yaSSL_set_quiet_shutdown  00430b50 f   yassl:ssl.obj
 0001:0002fb70       _yaSSL_get_quiet_shutdown  00430b70 f   yassl:ssl.obj
 0001:0002fb80       _yaSSL_CTX_set_session_cache_mode 00430b80 f   yassl:ssl.obj
 0001:0002fbb0       _yaSSL_get_session         00430bb0 f   yassl:ssl.obj
 0001:0002fc00       _yaSSL_set_session         00430c00 f   yassl:ssl.obj
 0001:0002fc40       _yaSSL_session_reused      00430c40 f   yassl:ssl.obj
 0001:0002fc60       _yaSSL_SESSION_set_timeout 00430c60 f   yassl:ssl.obj
 0001:0002fc80       _yaSSL_get_default_timeout 00430c80 f   yassl:ssl.obj
 0001:0002fc90       _yaSSL_flush_sessions      00430c90 f   yassl:ssl.obj
 0001:0002fcb0       _yaSSL_get_cipher          00430cb0 f   yassl:ssl.obj
 0001:0002fcd0       _yaSSL_get_shared_ciphers  00430cd0 f   yassl:ssl.obj
 0001:0002fcf0       _yaSSL_get_cipher_list     00430cf0 f   yassl:ssl.obj
 0001:0002fd40       _yaSSL_CTX_set_cipher_list 00430d40 f   yassl:ssl.obj
 0001:0002fd60       _yaSSL_get_version         00430d60 f   yassl:ssl.obj
 0001:0002fd80       _yaSSLeay_version          00430d80 f   yassl:ssl.obj
 0001:0002fd90       _yaSSL_get_error           00430d90 f   yassl:ssl.obj
 0001:0002fda0       _yaSSL_set_compression     00430da0 f   yassl:ssl.obj
 0001:0002fdb0       _yaSSL_get_peer_certificate 00430db0 f   yassl:ssl.obj
 0001:0002fdd0       _yaX509_free               00430dd0 f   yassl:ssl.obj
 0001:0002fde0       _yaX509_STORE_CTX_get_current_cert 00430de0 f   yassl:ssl.obj
 0001:0002fdf0       _yaX509_STORE_CTX_get_error 00430df0 f   yassl:ssl.obj
 0001:0002fe00       _yaX509_STORE_CTX_get_error_depth 00430e00 f   yassl:ssl.obj
 0001:0002fe10       _yaX509_NAME_oneline       00430e10 f   yassl:ssl.obj
 0001:0002fe90       _yaX509_get_issuer_name    00430e90 f   yassl:ssl.obj
 0001:0002fea0       _yaX509_get_subject_name   00430ea0 f   yassl:ssl.obj
 0001:0002feb0       _yaSSL_load_error_strings  00430eb0 f   yassl:ssl.obj
 0001:0002fec0       _yaSSL_set_connect_state   00430ec0 f   yassl:ssl.obj
 0001:0002fed0       _yaSSL_set_accept_state    00430ed0 f   yassl:ssl.obj
[...]
 0003:00151f74       ?gName@UnDecorator@@0PBDB  00632f74     LIBCMT:undname.obj
 0003:00151f78       ?name@UnDecorator@@0PBDB   00632f78     LIBCMT:undname.obj
 0003:00151f7c       ?outputString@UnDecorator@@0PADA 00632f7c     LIBCMT:undname.obj
 0003:00151f80       ?maxStringLength@UnDecorator@@0HA 00632f80     LIBCMT:undname.obj
 0003:00151f84       ?disableFlags@UnDecorator@@0KA 00632f84     LIBCMT:undname.obj
 0003:00151f88       ?m_pGetParameter@UnDecorator@@0P6APADJ@ZA 00632f88     LIBCMT:undname.obj
 0003:00151f8c       ?fExplicitTemplateParams@UnDecorator@@0_NA 00632f8c     LIBCMT:undname.obj
 0003:00151f8d       ?fGetTemplateArgumentList@UnDecorator@@0_NA 00632f8d     LIBCMT:undname.obj
 0003:00151fb8       ___lconv_static_null       00632fb8     LIBCMT:lconv.obj
 0003:00151fbc       __commode                  00632fbc     LIBCMT:ncommode.obj
 0003:00151fc4       __fmode                    00632fc4     LIBCMT:txtmode.obj
 0003:00151fe5       ?isMMX@TaoCrypt@@3_NA      00632fe5     taocrypt:misc.obj
 0003:00152020       _mysql_server_last_error   00633020     <common>
 0003:00152290       _mysql_server_last_errno   00633290     <common>
 0003:00152294       _thr_client_alarm          00633294     <common>
 0003:001522a0       _query_performance_frequency 006332a0     <common>
 0003:001522b4       _my_signals                006332b4     <common>
 0003:001522b8       _query_performance_offset  006332b8     <common>
 0003:001522c0       _THR_LOCK_threads          006332c0     <common>
 0003:00152340       _LOCK_gethostbyname_r      00633340     <common>
 0003:00152360       _THR_LOCK_time             00633360     <common>
 0003:00152380       _THR_COND_threads          00633380     <common>
 0003:001523c0       _THR_LOCK_malloc           006333c0     <common>
 0003:001523e0       _THR_LOCK_isam             006333e0     <common>
 0003:00152400       _THR_LOCK_myisam           00633400     <common>
 0003:00152420       _THR_LOCK_heap             00633420     <common>
 0003:00152440       _THR_LOCK_open             00633440     <common>
 0003:00152460       _THR_LOCK_charset          00633460     <common>
 0003:00152480       _THR_LOCK_lock             00633480     <common>
 0003:001524a0       _LOCK_localtime_r          006334a0     <common>
 0003:001524c0       _THR_LOCK_net              006334c0     <common>
 0003:001524e0       _all_charsets              006334e0     <common>
 0003:001529b4       __debugger_hook_dummy      006339b4     <common>
 0003:001529c0       ___sbh_initialized         006339c0     <common>
 0003:001529d4       ___sbh_cntHeaderList       006339d4     <common>
 0003:001529d8       ___sbh_pHeaderList         006339d8     <common>
 0003:001529dc       ___sbh_threshold           006339dc     <common>
 0003:001529e0       ___sbh_pHeaderScan         006339e0     <common>
 0003:001529e4       ___sbh_sizeHeaderList      006339e4     <common>
 0003:001529e8       ___sbh_indGroupDefer       006339e8     <common>
 0003:001529ec       ___active_heap             006339ec     <common>
 0003:001529f8       ___setlc_active            006339f8     <common>
 0003:00152a08       ___unguarded_readlc_active 00633a08     <common>
 0003:00152a0c       __pmatherr                 00633a0c     <common>
 0003:00152a18       __pDestructExceptionObject 00633a18     <common>
 0003:00152a24       __nhandle                  00633a24     <common>
 0003:00152a80       ___pioinfo                 00633a80     <common>
 0003:00152b80       ___use_sse2_mathfcns       00633b80     <common>
 0003:00152b90       ___sse2_available          00633b90     <common>
 0003:00152b94       __acmdln                   00633b94     <common>
 0003:00152ba0       ___env_initialized         00633ba0     <common>
 0003:00152bb0       ___onexitend               00633bb0     <common>
 0003:00152bb4       ___onexitbegin             00633bb4     <common>
 0003:00152bb8       ___mbctype_initialized     00633bb8     <common>
 0003:00152bbc       ___dyn_tls_init_callback   00633bbc     <common>
 0003:00152bc0       ___piob                    00633bc0     <common>
 0003:00152f00       __bufin                    00633f00     <common>
 0003:00153f00       __nstream                  00634f00     <common>
 0004:00000000       __IMPORT_DESCRIPTOR_KERNEL32 00635000     kernel32:KERNEL32.dll
 0004:00000014       __IMPORT_DESCRIPTOR_ADVAPI32 00635014     advapi32:ADVAPI32.dll
 0004:00000028       __IMPORT_DESCRIPTOR_WSOCK32 00635028     wsock32:WSOCK32.dll
 0004:0000003c       __IMPORT_DESCRIPTOR_USER32 0063503c     user32:USER32.dll
 0004:00000050       __NULL_IMPORT_DESCRIPTOR   00635050     kernel32:KERNEL32.dll
 0004:00000454       __imp__CryptGenRandom@12   00635454     advapi32:ADVAPI32.dll
 0004:00000458       __imp__RegEnumValueA@32    00635458     advapi32:ADVAPI32.dll
 0004:0000045c       __imp__RegOpenKeyExA@20    0063545c     advapi32:ADVAPI32.dll
 0004:00000460       __imp__CryptAcquireContextA@20 00635460     advapi32:ADVAPI32.dll
 0004:00000464       __imp__CryptReleaseContext@8 00635464     advapi32:ADVAPI32.dll
 0004:00000468       __imp__StartServiceCtrlDispatcherA@4 00635468     advapi32:ADVAPI32.dll
 0004:0000046c       __imp__RegisterServiceCtrlHandlerA@8 0063546c     advapi32:ADVAPI32.dll
 0004:00000470       __imp__DeleteService@4     00635470     advapi32:ADVAPI32.dll
 0004:00000474       __imp__CreateServiceA@52   00635474     advapi32:ADVAPI32.dll
 0004:00000478       __imp__SetServiceStatus@8  00635478     advapi32:ADVAPI32.dll
 0004:0000047c       __imp__OpenSCManagerA@12   0063547c     advapi32:ADVAPI32.dll
 0004:00000480       __imp__OpenServiceA@12     00635480     advapi32:ADVAPI32.dll
 0004:00000484       __imp__CloseServiceHandle@4 00635484     advapi32:ADVAPI32.dll
 0004:00000488       __imp__RegCloseKey@4       00635488     advapi32:ADVAPI32.dll
 0004:0000048c       \177ADVAPI32_NULL_THUNK_DATA 0063548c     advapi32:ADVAPI32.dll
 0004:000004c0       __imp__GetModuleHandleA@4  006354c0     kernel32:KERNEL32.dll
 0004:000004c4       __imp__TerminateProcess@8  006354c4     kernel32:KERNEL32.dll
 0004:000004c8       __imp__OpenProcess@12      006354c8     kernel32:KERNEL32.dll
 0004:000004cc       __imp__GetCurrentThreadId@0 006354cc     kernel32:KERNEL32.dll
 0004:000004d0       __imp__Sleep@4             006354d0     kernel32:KERNEL32.dll
 0004:000004d4       __imp__GetFullPathNameA@16 006354d4     kernel32:KERNEL32.dll
 0004:000004d8       __imp__GetModuleFileNameA@12 006354d8     kernel32:KERNEL32.dll
 0004:000004dc       __imp__SetHandleInformation@12 006354dc     kernel32:KERNEL32.dll
 0004:000004e0       __imp__GetCurrentProcess@0 006354e0     kernel32:KERNEL32.dll
 0004:000004e4       __imp__ReadFile@20         006354e4     kernel32:KERNEL32.dll
 0004:000004e8       __imp__SetNamedPipeHandleState@16 006354e8     kernel32:KERNEL32.dll
 0004:000004ec       __imp__WaitNamedPipeA@8    006354ec     kernel32:KERNEL32.dll
 0004:000004f0       __imp__CreateFileA@28      006354f0     kernel32:KERNEL32.dll
 0004:000004f4       __imp__DuplicateHandle@28  006354f4     kernel32:KERNEL32.dll
 0004:000004f8       __imp__GetProcAddress@8    006354f8     kernel32:KERNEL32.dll
 0004:000004fc       __imp__CreateRemoteThread@28 006354fc     kernel32:KERNEL32.dll
 0004:00000500       __imp__GetLastError@0      00635500     kernel32:KERNEL32.dll
 0004:00000504       __imp__SetLastError@4      00635504     kernel32:KERNEL32.dll
 0004:00000508       __imp__CreateProcessA@40   00635508     kernel32:KERNEL32.dll
 0004:0000050c       __imp__WaitForSingleObject@8 0063550c     kernel32:KERNEL32.dll
 0004:00000510       __imp__GetExitCodeProcess@8 00635510     kernel32:KERNEL32.dll
 0004:00000514       __imp__CloseHandle@4       00635514     kernel32:KERNEL32.dll
 0004:00000518       __imp__GetSystemTimeAsFileTime@4 00635518     kernel32:KERNEL32.dll
 0004:0000051c       __imp__DeleteCriticalSection@4 0063551c     kernel32:KERNEL32.dll
 0004:00000520       __imp__LoadLibraryW@4      00635520     kernel32:KERNEL32.dll
 0004:00000524       __imp__SetEnvironmentVariableW@8 00635524     kernel32:KERNEL32.dll
 0004:00000528       __imp__GetModuleFileNameW@12 00635528     kernel32:KERNEL32.dll
 0004:0000052c       __imp__LeaveCriticalSection@4 0063552c     kernel32:KERNEL32.dll
 0004:00000530       __imp__EnterCriticalSection@4 00635530     kernel32:KERNEL32.dll
 0004:00000534       __imp__CreatePipe@16       00635534     kernel32:KERNEL32.dll
 0004:00000538       __imp__IsValidLocale@8     00635538     kernel32:KERNEL32.dll
 0004:0000053c       __imp__EnumSystemLocalesA@8 0063553c     kernel32:KERNEL32.dll
 0004:00000540       __imp__GetUserDefaultLCID@0 00635540     kernel32:KERNEL32.dll
 0004:00000544       __imp__GetDateFormatA@24   00635544     kernel32:KERNEL32.dll
 0004:00000548       __imp__GetTimeFormatA@24   00635548     kernel32:KERNEL32.dll
 0004:0000054c       __imp__GetStringTypeW@16   0063554c     kernel32:KERNEL32.dll
 0004:00000550       __imp__GetStringTypeA@20   00635550     kernel32:KERNEL32.dll
 0004:00000554       __imp__SetEnvironmentVariableA@8 00635554     kernel32:KERNEL32.dll
 0004:00000558       __imp__CompareStringW@24   00635558     kernel32:KERNEL32.dll
 0004:0000055c       __imp__CompareStringA@24   0063555c     kernel32:KERNEL32.dll
 0004:00000560       __imp__WriteConsoleW@20    00635560     kernel32:KERNEL32.dll
 0004:00000564       __imp__GetConsoleOutputCP@0 00635564     kernel32:KERNEL32.dll
 0004:00000568       __imp__WriteConsoleA@20    00635568     kernel32:KERNEL32.dll
 0004:0000056c       __imp__LCMapStringW@24     0063556c     kernel32:KERNEL32.dll
 0004:00000570       __imp__LCMapStringA@24     00635570     kernel32:KERNEL32.dll
 0004:00000574       __imp__GetLocaleInfoW@16   00635574     kernel32:KERNEL32.dll
 0004:00000578       __imp__MultiByteToWideChar@24 00635578     kernel32:KERNEL32.dll
 0004:0000057c       __imp__GetLocaleInfoA@16   0063557c     kernel32:KERNEL32.dll
 0004:00000580       __imp__CreateEventA@16     00635580     kernel32:KERNEL32.dll
 0004:00000584       __imp__SetEvent@4          00635584     kernel32:KERNEL32.dll
 0004:00000588       __imp__ResetEvent@4        00635588     kernel32:KERNEL32.dll
 0004:0000058c       __imp__WaitForMultipleObjects@16 0063558c     kernel32:KERNEL32.dll
 0004:00000590       __imp__GetFileAttributesExA@12 00635590     kernel32:KERNEL32.dll
 0004:00000594       __imp__GetSystemDirectoryA@8 00635594     kernel32:KERNEL32.dll
 0004:00000598       __imp__GetWindowsDirectoryA@8 00635598     kernel32:KERNEL32.dll
 0004:0000059c       __imp__InterlockedIncrement@4 0063559c     kernel32:KERNEL32.dll
 0004:000005a0       __imp__DeleteFileA@4       006355a0     kernel32:KERNEL32.dll
 0004:000005a4       __imp__MoveFileA@8         006355a4     kernel32:KERNEL32.dll
 0004:000005a8       __imp__GetTickCount@0      006355a8     kernel32:KERNEL32.dll
 0004:000005ac       __imp__QueryPerformanceCounter@4 006355ac     kernel32:KERNEL32.dll
 0004:000005b0       __imp__QueryPerformanceFrequency@4 006355b0     kernel32:KERNEL32.dll
 0004:000005b4       __imp__TryEnterCriticalSection@4 006355b4     kernel32:KERNEL32.dll
 0004:000005b8       __imp__SetThreadPriority@8 006355b8     kernel32:KERNEL32.dll
 0004:000005bc       __imp__SetEndOfFile@4      006355bc     kernel32:KERNEL32.dll
 0004:000005c0       __imp__SetFilePointer@16   006355c0     kernel32:KERNEL32.dll
 0004:000005c4       __imp__GetFileAttributesA@4 006355c4     kernel32:KERNEL32.dll
 0004:000005c8       __imp__WriteFile@20        006355c8     kernel32:KERNEL32.dll
 0004:000005cc       __imp__UnmapViewOfFile@4   006355cc     kernel32:KERNEL32.dll
 0004:000005d0       __imp__FindClose@4         006355d0     kernel32:KERNEL32.dll
 0004:000005d4       __imp__FindNextFileA@8     006355d4     kernel32:KERNEL32.dll
 0004:000005d8       __imp__FindFirstFileA@8    006355d8     kernel32:KERNEL32.dll
 0004:000005dc       __imp__FileTimeToSystemTime@8 006355dc     kernel32:KERNEL32.dll
 0004:000005e0       __imp__FileTimeToLocalFileTime@8 006355e0     kernel32:KERNEL32.dll
 0004:000005e4       __imp__GetDriveTypeA@4     006355e4     kernel32:KERNEL32.dll
 0004:000005e8       __imp__ExitProcess@4       006355e8     kernel32:KERNEL32.dll
 0004:000005ec       __imp__SetConsoleCtrlHandler@8 006355ec     kernel32:KERNEL32.dll
 0004:000005f0       __imp__ReadConsoleInputA@16 006355f0     kernel32:KERNEL32.dll
 0004:000005f4       __imp__SetConsoleMode@8    006355f4     kernel32:KERNEL32.dll
 0004:000005f8       __imp__GetConsoleMode@8    006355f8     kernel32:KERNEL32.dll
 0004:000005fc       __imp__PeekConsoleInputA@16 006355fc     kernel32:KERNEL32.dll
 0004:00000600       __imp__GetNumberOfConsoleInputEvents@8 00635600     kernel32:KERNEL32.dll
 0004:00000604       __imp__GetCommandLineA@0   00635604     kernel32:KERNEL32.dll
 0004:00000608       __imp__HeapFree@12         00635608     kernel32:KERNEL32.dll
 0004:0000060c       __imp__GetVersionExA@4     0063560c     kernel32:KERNEL32.dll
 0004:00000610       __imp__HeapAlloc@12        00635610     kernel32:KERNEL32.dll
 0004:00000614       __imp__GetProcessHeap@0    00635614     kernel32:KERNEL32.dll
 0004:00000618       __imp__HeapReAlloc@16      00635618     kernel32:KERNEL32.dll
 0004:0000061c       __imp__GetFileInformationByHandle@8 0063561c     kernel32:KERNEL32.dll
 0004:00000620       __imp__PeekNamedPipe@24    00635620     kernel32:KERNEL32.dll
 0004:00000624       __imp__GetFileType@4       00635624     kernel32:KERNEL32.dll
 0004:00000628       __imp__SetStdHandle@8      00635628     kernel32:KERNEL32.dll
 0004:0000062c       __imp__WideCharToMultiByte@32 0063562c     kernel32:KERNEL32.dll
 0004:00000630       __imp__GetTimeZoneInformation@4 00635630     kernel32:KERNEL32.dll
 0004:00000634       __imp__UnhandledExceptionFilter@4 00635634     kernel32:KERNEL32.dll
 0004:00000638       __imp__SetUnhandledExceptionFilter@4 00635638     kernel32:KERNEL32.dll
 0004:0000063c       __imp__IsDebuggerPresent@0 0063563c     kernel32:KERNEL32.dll
 0004:00000640       __imp__ExitThread@4        00635640     kernel32:KERNEL32.dll
 0004:00000644       __imp__ResumeThread@4      00635644     kernel32:KERNEL32.dll
 0004:00000648       __imp__CreateThread@24     00635648     kernel32:KERNEL32.dll
 0004:0000064c       __imp__FlushFileBuffers@4  0063564c     kernel32:KERNEL32.dll
 0004:00000650       __imp__GetStdHandle@4      00635650     kernel32:KERNEL32.dll
 0004:00000654       __imp__TlsGetValue@4       00635654     kernel32:KERNEL32.dll
 0004:00000658       __imp__TlsAlloc@0          00635658     kernel32:KERNEL32.dll
 0004:0000065c       __imp__TlsSetValue@8       0063565c     kernel32:KERNEL32.dll
 0004:00000660       __imp__TlsFree@4           00635660     kernel32:KERNEL32.dll
 0004:00000664       __imp__InterlockedDecrement@4 00635664     kernel32:KERNEL32.dll
 0004:00000668       __imp__GetCurrentThread@0  00635668     kernel32:KERNEL32.dll
 0004:0000066c       __imp__GetCurrentDirectoryA@8 0063566c     kernel32:KERNEL32.dll
 0004:00000670       __imp__SetCurrentDirectoryA@4 00635670     kernel32:KERNEL32.dll
 0004:00000674       __imp__RaiseException@16   00635674     kernel32:KERNEL32.dll
 0004:00000678       __imp__SetHandleCount@4    00635678     kernel32:KERNEL32.dll
 0004:0000067c       __imp__GetStartupInfoA@4   0063567c     kernel32:KERNEL32.dll
 0004:00000680       __imp__FatalAppExitA@8     00635680     kernel32:KERNEL32.dll
 0004:00000684       __imp__GetConsoleCP@0      00635684     kernel32:KERNEL32.dll
 0004:00000688       __imp__FreeLibrary@4       00635688     kernel32:KERNEL32.dll
 0004:0000068c       __imp__InterlockedExchange@8 0063568c     kernel32:KERNEL32.dll
 0004:00000690       __imp__LoadLibraryA@4      00635690     kernel32:KERNEL32.dll
 0004:00000694       __imp__GetCPInfo@8         00635694     kernel32:KERNEL32.dll
 0004:00000698       __imp__GetACP@0            00635698     kernel32:KERNEL32.dll
 0004:0000069c       __imp__GetOEMCP@0          0063569c     kernel32:KERNEL32.dll
 0004:000006a0       __imp__IsValidCodePage@4   006356a0     kernel32:KERNEL32.dll
 0004:000006a4       __imp__FreeEnvironmentStringsA@4 006356a4     kernel32:KERNEL32.dll
 0004:000006a8       __imp__GetEnvironmentStrings@0 006356a8     kernel32:KERNEL32.dll
 0004:000006ac       __imp__FreeEnvironmentStringsW@4 006356ac     kernel32:KERNEL32.dll
 0004:000006b0       __imp__GetEnvironmentStringsW@0 006356b0     kernel32:KERNEL32.dll
 0004:000006b4       __imp__HeapDestroy@4       006356b4     kernel32:KERNEL32.dll
 0004:000006b8       __imp__HeapCreate@12       006356b8     kernel32:KERNEL32.dll
 0004:000006bc       __imp__VirtualFree@12      006356bc     kernel32:KERNEL32.dll
 0004:000006c0       __imp__GetCurrentProcessId@0 006356c0     kernel32:KERNEL32.dll
 0004:000006c4       __imp__VirtualAlloc@16     006356c4     kernel32:KERNEL32.dll
 0004:000006c8       __imp__HeapSize@12         006356c8     kernel32:KERNEL32.dll
 0004:000006cc       __imp__RtlUnwind@16        006356cc     kernel32:KERNEL32.dll
 0004:000006d0       __imp__InitializeCriticalSection@4 006356d0     kernel32:KERNEL32.dll
 0004:000006d4       \177KERNEL32_NULL_THUNK_DATA 006356d4     kernel32:KERNEL32.dll
 0004:00000768       __imp__PeekMessageA@20     00635768     user32:USER32.dll
 0004:0000076c       __imp__KillTimer@8         0063576c     user32:USER32.dll
 0004:00000770       __imp__SetTimer@16         00635770     user32:USER32.dll
 0004:00000774       \177USER32_NULL_THUNK_DATA 00635774     user32:USER32.dll
 0004:000007a0       __imp__recv@16             006357a0     wsock32:WSOCK32.dll
 0004:000007a4       __imp__gethostbyname@4     006357a4     wsock32:WSOCK32.dll
 0004:000007a8       __imp__WSAStartup@8        006357a8     wsock32:WSOCK32.dll
 0004:000007ac       __imp__WSACleanup@0        006357ac     wsock32:WSOCK32.dll
 0004:000007b0       __imp__WSAGetLastError@0   006357b0     wsock32:WSOCK32.dll
 0004:000007b4       __imp__send@16             006357b4     wsock32:WSOCK32.dll
 0004:000007b8       __imp__select@20           006357b8     wsock32:WSOCK32.dll
 0004:000007bc       __imp____WSAFDIsSet@8      006357bc     wsock32:WSOCK32.dll
 0004:000007c0       __imp__accept@12           006357c0     wsock32:WSOCK32.dll
 0004:000007c4       __imp__shutdown@8          006357c4     wsock32:WSOCK32.dll
 0004:000007c8       __imp__socket@12           006357c8     wsock32:WSOCK32.dll
 0004:000007cc       __imp__inet_addr@4         006357cc     wsock32:WSOCK32.dll
 0004:000007d0       __imp__ntohs@4             006357d0     wsock32:WSOCK32.dll
 0004:000007d4       __imp__getpeername@12      006357d4     wsock32:WSOCK32.dll
 0004:000007d8       __imp__WSASetLastError@4   006357d8     wsock32:WSOCK32.dll
 0004:000007dc       __imp__connect@12          006357dc     wsock32:WSOCK32.dll
 0004:000007e0       __imp__htonl@4             006357e0     wsock32:WSOCK32.dll
 0004:000007e4       __imp__htons@4             006357e4     wsock32:WSOCK32.dll
 0004:000007e8       __imp__setsockopt@20       006357e8     wsock32:WSOCK32.dll
 0004:000007ec       __imp__inet_ntoa@4         006357ec     wsock32:WSOCK32.dll
 0004:000007f0       __imp__bind@12             006357f0     wsock32:WSOCK32.dll
 0004:000007f4       __imp__listen@8            006357f4     wsock32:WSOCK32.dll
 0004:000007f8       __imp__closesocket@4       006357f8     wsock32:WSOCK32.dll
 0004:000007fc       __imp__ioctlsocket@12      006357fc     wsock32:WSOCK32.dll
 0004:00000800       __imp__gethostname@8       00635800     wsock32:WSOCK32.dll
 0004:00000804       \177WSOCK32_NULL_THUNK_DATA 00635804     wsock32:WSOCK32.dll
 0005:00000000       __tls_start                00637000     LIBCMT:tlssup.obj
 0005:00000108       _THR_KEY_mysys             00637108     mysys:my_thr_init.obj
 0005:0000028e       __tls_end                  0063728e     LIBCMT:tlssup.obj

 entry point at        0001:0004eeff

